Archive member included to satisfy reference by file (symbol)

app/libapp.a(main.c.obj)      (--whole-archive)
zephyr/libzephyr.a(validate_libc.c.obj)
                              (--whole-archive)
zephyr/libzephyr.a(heap.c.obj)
                              (--whole-archive)
zephyr/libzephyr.a(cbprintf_packaged.c.obj)
                              (--whole-archive)
zephyr/libzephyr.a(clock.c.obj)
                              (--whole-archive)
zephyr/libzephyr.a(printk.c.obj)
                              (--whole-archive)
zephyr/libzephyr.a(sem.c.obj)
                              (--whole-archive)
zephyr/libzephyr.a(thread_entry.c.obj)
                              (--whole-archive)
zephyr/libzephyr.a(cbprintf_complete.c.obj)
                              (--whole-archive)
zephyr/libzephyr.a(assert.c.obj)
                              (--whole-archive)
zephyr/libzephyr.a(dec.c.obj)
                              (--whole-archive)
zephyr/libzephyr.a(hex.c.obj)
                              (--whole-archive)
zephyr/libzephyr.a(rb.c.obj)  (--whole-archive)
zephyr/libzephyr.a(timeutil.c.obj)
                              (--whole-archive)
zephyr/libzephyr.a(bitarray.c.obj)
                              (--whole-archive)
zephyr/libzephyr.a(bitmask.c.obj)
                              (--whole-archive)
zephyr/libzephyr.a(onoff.c.obj)
                              (--whole-archive)
zephyr/libzephyr.a(notify.c.obj)
                              (--whole-archive)
zephyr/libzephyr.a(ring_buffer.c.obj)
                              (--whole-archive)
zephyr/libzephyr.a(last_section_id.c.obj)
                              (--whole-archive)
zephyr/libzephyr.a(configs.c.obj)
                              (--whole-archive)
zephyr/libzephyr.a(mem_attr.c.obj)
                              (--whole-archive)
zephyr/libzephyr.a(tracing_none.c.obj)
                              (--whole-archive)
zephyr/arch/common/libarch__common.a(sw_isr_common.c.obj)
                              (--whole-archive)
zephyr/arch/common/libarch__common.a(init.c.obj)
                              (--whole-archive)
zephyr/arch/common/libarch__common.a(xip.c.obj)
                              (--whole-archive)
zephyr/arch/arch/arm/core/libarch__arm__core.a(fatal.c.obj)
                              (--whole-archive)
zephyr/arch/arch/arm/core/libarch__arm__core.a(nmi.c.obj)
                              (--whole-archive)
zephyr/arch/arch/arm/core/libarch__arm__core.a(nmi_on_reset.S.obj)
                              (--whole-archive)
zephyr/arch/arch/arm/core/libarch__arm__core.a(tls.c.obj)
                              (--whole-archive)
zephyr/arch/arch/arm/core/cortex_m/libarch__arm__core__cortex_m.a(exc_exit.c.obj)
                              (--whole-archive)
zephyr/arch/arch/arm/core/cortex_m/libarch__arm__core__cortex_m.a(fault.c.obj)
                              (--whole-archive)
zephyr/arch/arch/arm/core/cortex_m/libarch__arm__core__cortex_m.a(fault_s.S.obj)
                              (--whole-archive)
zephyr/arch/arch/arm/core/cortex_m/libarch__arm__core__cortex_m.a(fpu.c.obj)
                              (--whole-archive)
zephyr/arch/arch/arm/core/cortex_m/libarch__arm__core__cortex_m.a(reset.S.obj)
                              (--whole-archive)
zephyr/arch/arch/arm/core/cortex_m/libarch__arm__core__cortex_m.a(scb.c.obj)
                              (--whole-archive)
zephyr/arch/arch/arm/core/cortex_m/libarch__arm__core__cortex_m.a(thread_abort.c.obj)
                              (--whole-archive)
zephyr/arch/arch/arm/core/cortex_m/libarch__arm__core__cortex_m.a(vector_table.S.obj)
                              (--whole-archive)
zephyr/arch/arch/arm/core/cortex_m/libarch__arm__core__cortex_m.a(swap_helper.S.obj)
                              (--whole-archive)
zephyr/arch/arch/arm/core/cortex_m/libarch__arm__core__cortex_m.a(irq_manage.c.obj)
                              (--whole-archive)
zephyr/arch/arch/arm/core/cortex_m/libarch__arm__core__cortex_m.a(prep_c.c.obj)
                              (--whole-archive)
zephyr/arch/arch/arm/core/cortex_m/libarch__arm__core__cortex_m.a(thread.c.obj)
                              (--whole-archive)
zephyr/arch/arch/arm/core/cortex_m/libarch__arm__core__cortex_m.a(cpu_idle.c.obj)
                              (--whole-archive)
zephyr/arch/arch/arm/core/cortex_m/libarch__arm__core__cortex_m.a(irq_init.c.obj)
                              (--whole-archive)
zephyr/arch/arch/arm/core/cortex_m/libarch__arm__core__cortex_m.a(isr_wrapper.c.obj)
                              (--whole-archive)
zephyr/arch/arch/arm/core/cortex_m/libarch__arm__core__cortex_m.a(__aeabi_read_tp.S.obj)
                              (--whole-archive)
zephyr/arch/arch/arm/core/mpu/libarch__arm__core__mpu.a(arm_core_mpu.c.obj)
                              (--whole-archive)
zephyr/arch/arch/arm/core/mpu/libarch__arm__core__mpu.a(arm_mpu.c.obj)
                              (--whole-archive)
[...]
Memory Configuration

Name             Origin             Length             Attributes
FLASH            0x0000000000010000 0x00000000000e8000 xr
RAM              0x0000000020000000 0x0000000000040000 xw
IDT_LIST         0x00000000ffff7fff 0x0000000000008000 xw
*default*        0x0000000000000000 0xffffffffffffffff

Linker script and memory map

                0x00000000000269c8                vfprintf = __d_vfprintf
                0x0000000000000000                vfscanf = __d_vfscanf
LOAD zephyr/CMakeFiles/zephyr_final.dir/misc/empty_file.c.obj
LOAD zephyr/CMakeFiles/zephyr_final.dir/isr_tables.c.obj
LOAD zephyr/CMakeFiles/offsets.dir/./arch/arm/core/offsets/offsets.c.obj
LOAD app/libapp.a
LOAD zephyr/libzephyr.a
LOAD zephyr/arch/common/libarch__common.a
LOAD zephyr/arch/arch/arm/core/libarch__arm__core.a
LOAD zephyr/arch/arch/arm/core/cortex_m/libarch__arm__core__cortex_m.a
LOAD zephyr/arch/arch/arm/core/mpu/libarch__arm__core__mpu.a
LOAD zephyr/lib/libc/picolibc/liblib__libc__picolibc.a
LOAD zephyr/lib/libc/common/liblib__libc__common.a
LOAD zephyr/lib/posix/c_lib_ext/liblib__posix__c_lib_ext.a
LOAD zephyr/lib/net_buf/liblib__net_buf.a
LOAD zephyr/soc/soc/nrf52840/libsoc__nordic.a
LOAD zephyr/boards/arduino/nano_33_ble/libboards__arduino__nano_33_ble.a
LOAD zephyr/subsys/random/libsubsys__random.a
LOAD zephyr/subsys/bluetooth/common/libsubsys__bluetooth__common.a
LOAD zephyr/subsys/bluetooth/host/libsubsys__bluetooth__host.a
LOAD zephyr/subsys/bluetooth/controller/libsubsys__bluetooth__controller.a
LOAD zephyr/subsys/bluetooth/controller/ll_sw/nordic/libsubsys__bluetooth__controller__ll_sw__nordic.a
LOAD zephyr/drivers/clock_control/libdrivers__clock_control.a
LOAD zephyr/drivers/console/libdrivers__console.a
LOAD zephyr/drivers/entropy/libdrivers__entropy.a
LOAD zephyr/drivers/gpio/libdrivers__gpio.a
LOAD zephyr/drivers/i2c/libdrivers__i2c.a
LOAD zephyr/drivers/pinctrl/libdrivers__pinctrl.a
LOAD zephyr/drivers/regulator/libdrivers__regulator.a
LOAD zephyr/drivers/sensor/bosch/bmi270/libdrivers__sensor__bosch__bmi270.a
LOAD zephyr/drivers/sensor/bosch/bmm150/libdrivers__sensor__bosch__bmm150.a
LOAD zephyr/drivers/sensor/nordic/temp/libdrivers__sensor__nordic__temp.a
LOAD zephyr/drivers/serial/libdrivers__serial.a
LOAD zephyr/drivers/timer/libdrivers__timer.a
LOAD modules/hal_nordic/nrfx/libnrfx.a
LOAD zephyr/kernel/libkernel.a
LOAD zephyr/arch/common/libisr_tables.a
LOAD c:\zephyr-sdk-0.17.4\arm-zephyr-eabi\bin\../lib/gcc/../../picolibc/arm-zephyr-eabi/lib/thumb/v7e-m/nofp\libc.a
LOAD c:/zephyr-sdk-0.17.4/arm-zephyr-eabi/bin/../lib/gcc/arm-zephyr-eabi/12.2.0/thumb/v7e-m/nofp\libgcc.a
                0x0000000000000020                _region_min_align = 0x20

.rel.plt        0x0000000000010000        0x0
 *(SORT_BY_ALIGNMENT(.rel.plt))
                [!provide]                        PROVIDE (__rel_iplt_start = .)
 *(SORT_BY_ALIGNMENT(.rel.iplt))
 .rel.iplt      0x0000000000010000        0x0 zephyr/CMakeFiles/zephyr_final.dir/isr_tables.c.obj
                [!provide]                        PROVIDE (__rel_iplt_end = .)

.rela.plt       0x0000000000000000        0x0
 *(SORT_BY_ALIGNMENT(.rela.plt))
                [!provide]                        PROVIDE (__rela_iplt_start = .)
 *(SORT_BY_ALIGNMENT(.rela.iplt))
                [!provide]                        PROVIDE (__rela_iplt_end = .)

.rel.dyn
 *(SORT_BY_ALIGNMENT(.rel.*))

.rela.dyn
 *(SORT_BY_ALIGNMENT(.rela.*))

/DISCARD/
 *(SORT_BY_ALIGNMENT(.plt))

/DISCARD/
 *(SORT_BY_ALIGNMENT(.iplt))
                0x0000000000010000                __rom_region_start = 0x10000

rom_start       0x0000000000010000      0x100
                0x0000000000010000                __rom_start_address = .
 FILL mask 0x00
                0x0000000000010000                . = (. + (0x0 - (. - __rom_start_address)))
                0x0000000000010000                . = ALIGN (0x4)
                0x0000000000010000                . = ALIGN (0x80)
                0x0000000000010000                . = ALIGN (0x100)
                0x0000000000010000                _vector_start = .
 *(SORT_BY_ALIGNMENT(.exc_vector_table))
 *(SORT_BY_ALIGNMENT(.exc_vector_table.*))
 .exc_vector_table._vector_table_section
                0x0000000000010000       0x40 zephyr/arch/arch/arm/core/cortex_m/libarch__arm__core__cortex_m.a(vector_table.S.obj)
                0x0000000000010000                _vector_table
 *(SORT_BY_ALIGNMENT(.vectors))
                0x0000000000010100                _vector_end = .
                0x0000000000010040                . = ALIGN (0x4)
 *(SORT_BY_ALIGNMENT(.gnu.linkonce.irq_vector_table*))
 .gnu.linkonce.irq_vector_table
                0x0000000000010040       0xc0 zephyr/CMakeFiles/zephyr_final.dir/isr_tables.c.obj
                0x0000000000010040                _irq_vector_table
                0x0000000000010100                _vector_end = .

text            0x0000000000010100    0x1b760
                0x0000000000010100                __text_region_start = .
 *(SORT_BY_ALIGNMENT(.text))
 .text          0x0000000000010100      0x378 c:/zephyr-sdk-0.17.4/arm-zephyr-eabi/bin/../lib/gcc/arm-zephyr-eabi/12.2.0/thumb/v7e-m/nofp\libgcc.a(_arm_addsubdf3.o)
                0x0000000000010100                __aeabi_drsub
                0x0000000000010108                __aeabi_dsub
                0x0000000000010108                __subdf3
                0x000000000001010c                __aeabi_dadd
                0x000000000001010c                __adddf3
                0x0000000000010384                __floatunsidf
                0x0000000000010384                __aeabi_ui2d
                0x00000000000103a4                __floatsidf
                0x00000000000103a4                __aeabi_i2d
                0x00000000000103c8                __aeabi_f2d
                0x00000000000103c8                __extendsfdf2
                0x000000000001040c                __floatundidf
                0x000000000001040c                __aeabi_ul2d
                0x000000000001041c                __floatdidf
                0x000000000001041c                __aeabi_l2d
 .text          0x0000000000010478      0x424 c:/zephyr-sdk-0.17.4/arm-zephyr-eabi/bin/../lib/gcc/arm-zephyr-eabi/12.2.0/thumb/v7e-m/nofp\libgcc.a(_arm_muldivdf3.o)
                0x0000000000010478                __aeabi_dmul
                0x0000000000010478                __muldf3
                0x00000000000106cc                __divdf3
                0x00000000000106cc                __aeabi_ddiv
 .text          0x000000000001089c      0x110 c:/zephyr-sdk-0.17.4/arm-zephyr-eabi/bin/../lib/gcc/arm-zephyr-eabi/12.2.0/thumb/v7e-m/nofp\libgcc.a(_arm_cmpdf2.o)
                0x000000000001089c                __gtdf2
                0x000000000001089c                __gedf2
                0x00000000000108a4                __ltdf2
                0x00000000000108a4                __ledf2
                0x00000000000108ac                __nedf2
                0x00000000000108ac                __eqdf2
                0x00000000000108ac                __cmpdf2
                0x0000000000010928                __aeabi_cdrcmple
                0x0000000000010938                __aeabi_cdcmpeq
                0x0000000000010938                __aeabi_cdcmple
                0x0000000000010948                __aeabi_dcmpeq
                0x000000000001095c                __aeabi_dcmplt
                0x0000000000010970                __aeabi_dcmple
                0x0000000000010984                __aeabi_dcmpge
                0x0000000000010998                __aeabi_dcmpgt
 .text          0x00000000000109ac       0xa0 c:/zephyr-sdk-0.17.4/arm-zephyr-eabi/bin/../lib/gcc/arm-zephyr-eabi/12.2.0/thumb/v7e-m/nofp\libgcc.a(_arm_truncdfsf2.o)
                0x00000000000109ac                __truncdfsf2
                0x00000000000109ac                __aeabi_d2f
 .text          0x0000000000010a4c      0x21c c:/zephyr-sdk-0.17.4/arm-zephyr-eabi/bin/../lib/gcc/arm-zephyr-eabi/12.2.0/thumb/v7e-m/nofp\libgcc.a(_arm_addsubsf3.o)
                0x0000000000010a4c                __aeabi_frsub
                0x0000000000010a54                __subsf3
                0x0000000000010a54                __aeabi_fsub
                0x0000000000010a58                __aeabi_fadd
                0x0000000000010a58                __addsf3
                0x0000000000010bb8                __aeabi_ui2f
                0x0000000000010bb8                __floatunsisf
                0x0000000000010bc0                __aeabi_i2f
                0x0000000000010bc0                __floatsisf
                0x0000000000010bdc                __aeabi_ul2f
                0x0000000000010bdc                __floatundisf
                0x0000000000010bec                __aeabi_l2f
                0x0000000000010bec                __floatdisf
 .text          0x0000000000010c68       0xec c:/zephyr-sdk-0.17.4/arm-zephyr-eabi/bin/../lib/gcc/arm-zephyr-eabi/12.2.0/thumb/v7e-m/nofp\libgcc.a(_arm_cmpsf2.o)
                0x0000000000010c68                __gesf2
                0x0000000000010c68                __gtsf2
                0x0000000000010c70                __lesf2
                0x0000000000010c70                __ltsf2
                0x0000000000010c78                __nesf2
                0x0000000000010c78                __eqsf2
                0x0000000000010c78                __cmpsf2
                0x0000000000010cd8                __aeabi_cfrcmple
                0x0000000000010ce0                __aeabi_cfcmpeq
                0x0000000000010ce0                __aeabi_cfcmple
                0x0000000000010cf0                __aeabi_fcmpeq
                0x0000000000010d04                __aeabi_fcmplt
                0x0000000000010d18                __aeabi_fcmple
                0x0000000000010d2c                __aeabi_fcmpge
                0x0000000000010d40                __aeabi_fcmpgt
 .text          0x0000000000010d54       0xa0 c:/zephyr-sdk-0.17.4/arm-zephyr-eabi/bin/../lib/gcc/arm-zephyr-eabi/12.2.0/thumb/v7e-m/nofp\libgcc.a(_aeabi_ldivmod.o)
                0x0000000000010d54                __aeabi_ldivmod
 .text          0x0000000000010df4       0x30 c:/zephyr-sdk-0.17.4/arm-zephyr-eabi/bin/../lib/gcc/arm-zephyr-eabi/12.2.0/thumb/v7e-m/nofp\libgcc.a(_aeabi_uldivmod.o)
                0x0000000000010df4                __aeabi_uldivmod
 .text          0x0000000000010e24        0x4 c:/zephyr-sdk-0.17.4/arm-zephyr-eabi/bin/../lib/gcc/arm-zephyr-eabi/12.2.0/thumb/v7e-m/nofp\libgcc.a(_dvmd_tls.o)
                0x0000000000010e24                __aeabi_idiv0
                0x0000000000010e24                __aeabi_ldiv0
 .text          0x0000000000010e28       0x10 c:\zephyr-sdk-0.17.4\arm-zephyr-eabi\bin\../lib/gcc/../../picolibc/arm-zephyr-eabi/lib/thumb/v7e-m/nofp\libc.a(strcpy.S.o)
                0x0000000000010e28                strcpy
 .text          0x0000000000010e38       0x10 c:\zephyr-sdk-0.17.4\arm-zephyr-eabi\bin\../lib/gcc/../../picolibc/arm-zephyr-eabi/lib/thumb/v7e-m/nofp\libc.a(strlen.S.o)
                0x0000000000010e38                strlen
 .text          0x0000000000010e48      0x2a0 c:/zephyr-sdk-0.17.4/arm-zephyr-eabi/bin/../lib/gcc/arm-zephyr-eabi/12.2.0/thumb/v7e-m/nofp\libgcc.a(_udivmoddi4.o)
                0x0000000000010e48                __udivmoddi4
 *(SORT_BY_ALIGNMENT(.text.*))
 .text.main     0x00000000000110e8      0x25c app/libapp.a(main.c.obj)
                0x00000000000110e8                main
 *fill*         0x0000000000011344        0x4 
 .text.ull_drift_ticks_get
                0x0000000000011348       0x90 zephyr/subsys/bluetooth/controller/libsubsys__bluetooth__controller.a(ull.c.obj)
                0x0000000000011348                ull_drift_ticks_get
 .text.ll_adv_enable
                0x00000000000113d8      0x338 zephyr/subsys/bluetooth/controller/libsubsys__bluetooth__controller.a(ull_adv.c.obj)
                0x00000000000113d8                ll_adv_enable
 .text.ull_adv_time_update
                0x0000000000011710       0xbc zephyr/subsys/bluetooth/controller/libsubsys__bluetooth__controller.a(ull_adv.c.obj)
                0x0000000000011710                ull_adv_time_update
 *fill*         0x00000000000117cc        0x4 
 .text.ull_conn_update_ticker.constprop.0
                0x00000000000117d0       0xf8 zephyr/subsys/bluetooth/controller/libsubsys__bluetooth__controller.a(ull_conn.c.obj)
 .text.ull_conn_done
                0x00000000000118c8      0x3bc zephyr/subsys/bluetooth/controller/libsubsys__bluetooth__controller.a(ull_conn.c.obj)
                0x00000000000118c8                ull_conn_done
 *fill*         0x0000000000011c84        0x4 
 .text.ull_conn_update_parameters
                0x0000000000011c88      0x29c zephyr/subsys/bluetooth/controller/libsubsys__bluetooth__controller.a(ull_conn.c.obj)
                0x0000000000011c88                ull_conn_update_parameters
 *fill*         0x0000000000011f24        0x4 
 .text.ull_periph_setup
                0x0000000000011f28      0x3f4 zephyr/subsys/bluetooth/controller/libsubsys__bluetooth__controller.a(ull_peripheral.c.obj)
                0x0000000000011f28                ull_periph_setup
 *fill*         0x000000000001231c        0x4 
 .text.prepare_cb
                0x0000000000012320      0x130 zephyr/subsys/bluetooth/controller/ll_sw/nordic/libsubsys__bluetooth__controller__ll_sw__nordic.a(lll_adv.c.obj)
 .text.prepare_cb
                0x0000000000012450      0x254 zephyr/subsys/bluetooth/controller/ll_sw/nordic/libsubsys__bluetooth__controller__ll_sw__nordic.a(lll_peripheral.c.obj)
 *fill*         0x00000000000126a4        0x4 
 .text.bmi270_channel_get
                0x00000000000126a8      0x1e8 zephyr/drivers/sensor/bosch/bmi270/libdrivers__sensor__bosch__bmi270.a(bmi270.c.obj)
 .text.set_accel_odr_osr
                0x0000000000012890      0x398 zephyr/drivers/sensor/bosch/bmi270/libdrivers__sensor__bosch__bmi270.a(bmi270.c.obj)
 .text.set_gyro_odr_osr
                0x0000000000012c28      0x270 zephyr/drivers/sensor/bosch/bmi270/libdrivers__sensor__bosch__bmi270.a(bmi270.c.obj)
 .text.imu_ccc_cfg_changed
                0x0000000000012e98       0x2c app/libapp.a(main.c.obj)
 .text.disconnected
                0x0000000000012ec4       0x18 app/libapp.a(main.c.obj)
 .text.connected
                0x0000000000012edc       0x18 app/libapp.a(main.c.obj)
 .text.char_out
                0x0000000000012ef4        0xc zephyr/libzephyr.a(printk.c.obj)
 .text.__printk_hook_install
                0x0000000000012f00        0xc zephyr/libzephyr.a(printk.c.obj)
                0x0000000000012f00                __printk_hook_install
 .text.vprintk  0x0000000000012f0c       0x30 zephyr/libzephyr.a(printk.c.obj)
                0x0000000000012f0c                vprintk
 .text.z_thread_entry
                0x0000000000012f3c       0x34 zephyr/libzephyr.a(thread_entry.c.obj)
                0x0000000000012f3c                z_thread_entry
 .text.process_event
                0x0000000000012f70      0x21c zephyr/libzephyr.a(onoff.c.obj)
 .text.mem_attr_get_regions
                0x000000000001318c        0xc zephyr/libzephyr.a(mem_attr.c.obj)
                0x000000000001318c                mem_attr_get_regions
 .text.arch_bss_zero
                0x0000000000013198       0x18 zephyr/arch/common/libarch__common.a(init.c.obj)
                0x0000000000013198                arch_bss_zero
 .text.arch_data_copy
                0x00000000000131b0       0x38 zephyr/arch/common/libarch__common.a(xip.c.obj)
                0x00000000000131b0                arch_data_copy
 .text.z_arm_fatal_error
                0x00000000000131e8       0x60 zephyr/arch/arch/arm/core/libarch__arm__core.a(fatal.c.obj)
                0x00000000000131e8                z_arm_fatal_error
 .text.z_SysNmiOnReset
                0x0000000000013248        0x8 zephyr/arch/arch/arm/core/libarch__arm__core.a(nmi_on_reset.S.obj)
                0x0000000000013248                z_SysNmiOnReset
 .text.arch_tls_stack_setup
                0x0000000000013250       0x40 zephyr/arch/arch/arm/core/libarch__arm__core.a(tls.c.obj)
                0x0000000000013250                arch_tls_stack_setup
 .text._HandlerModeExit
                0x0000000000013290       0x20 zephyr/arch/arch/arm/core/cortex_m/libarch__arm__core__cortex_m.a(exc_exit.c.obj)
                0x0000000000013290                z_arm_int_exit
                0x0000000000013290                z_arm_exc_exit
 .text.mem_manage_fault
                0x00000000000132b0       0xf0 zephyr/arch/arch/arm/core/cortex_m/libarch__arm__core__cortex_m.a(fault.c.obj)
 .text.usage_fault.constprop.0
                0x00000000000133a0       0x98 zephyr/arch/arch/arm/core/cortex_m/libarch__arm__core__cortex_m.a(fault.c.obj)
 .text.bus_fault.constprop.0
                0x0000000000013438       0xb8 zephyr/arch/arch/arm/core/cortex_m/libarch__arm__core__cortex_m.a(fault.c.obj)
 .text.z_arm_fault
                0x00000000000134f0      0x1a0 zephyr/arch/arch/arm/core/cortex_m/libarch__arm__core__cortex_m.a(fault.c.obj)
                0x00000000000134f0                z_arm_fault
 .text.z_arm_fault_init
                0x0000000000013690       0x18 zephyr/arch/arch/arm/core/cortex_m/libarch__arm__core__cortex_m.a(fault.c.obj)
                0x0000000000013690                z_arm_fault_init
 .text.__fault  0x00000000000136a8       0x14 zephyr/arch/arch/arm/core/cortex_m/libarch__arm__core__cortex_m.a(fault_s.S.obj)
                0x00000000000136a8                z_arm_usage_fault
                0x00000000000136a8                z_arm_mpu_fault
                0x00000000000136a8                z_arm_exc_spurious
                0x00000000000136a8                z_arm_debug_monitor
                0x00000000000136a8                z_arm_hard_fault
                0x00000000000136a8                z_arm_bus_fault
 .text._reset_section
                0x00000000000136bc       0x38 zephyr/arch/arch/arm/core/cortex_m/libarch__arm__core__cortex_m.a(reset.S.obj)
                0x00000000000136bc                __start
                0x00000000000136bc                z_arm_reset
 .text.z_impl_k_thread_abort
                0x00000000000136f4       0x2c zephyr/arch/arch/arm/core/cortex_m/libarch__arm__core__cortex_m.a(thread_abort.c.obj)
                0x00000000000136f4                z_impl_k_thread_abort
 .text.z_arm_pendsv
                0x0000000000013720       0x60 zephyr/arch/arch/arm/core/cortex_m/libarch__arm__core__cortex_m.a(swap_helper.S.obj)
                0x0000000000013720                z_arm_pendsv
 .text.z_arm_svc
                0x0000000000013780       0x24 zephyr/arch/arch/arm/core/cortex_m/libarch__arm__core__cortex_m.a(swap_helper.S.obj)
                0x0000000000013780                z_arm_svc
 .text.arm_irq_enable
                0x00000000000137a4       0x1c zephyr/arch/arch/arm/core/cortex_m/libarch__arm__core__cortex_m.a(irq_manage.c.obj)
                0x00000000000137a4                arm_irq_enable
 .text.arm_irq_disable
                0x00000000000137c0       0x28 zephyr/arch/arch/arm/core/cortex_m/libarch__arm__core__cortex_m.a(irq_manage.c.obj)
                0x00000000000137c0                arm_irq_disable
 .text.arm_irq_is_enabled
                0x00000000000137e8       0x1c zephyr/arch/arch/arm/core/cortex_m/libarch__arm__core__cortex_m.a(irq_manage.c.obj)
                0x00000000000137e8                arm_irq_is_enabled
 .text.arm_irq_priority_set
                0x0000000000013804       0x30 zephyr/arch/arch/arm/core/cortex_m/libarch__arm__core__cortex_m.a(irq_manage.c.obj)
                0x0000000000013804                arm_irq_priority_set
 .text.relocate_vector_table
                0x0000000000013834       0x1c zephyr/arch/arch/arm/core/cortex_m/libarch__arm__core__cortex_m.a(prep_c.c.obj)
                0x0000000000013834                relocate_vector_table
 .text.z_prep_c
                0x0000000000013850       0x38 zephyr/arch/arch/arm/core/cortex_m/libarch__arm__core__cortex_m.a(prep_c.c.obj)
                0x0000000000013850                z_prep_c
 .text.arch_new_thread
                0x0000000000013888       0x38 zephyr/arch/arch/arm/core/cortex_m/libarch__arm__core__cortex_m.a(thread.c.obj)
                0x0000000000013888                arch_new_thread
 .text.z_check_thread_stack_fail
                0x00000000000138c0       0x2c zephyr/arch/arch/arm/core/cortex_m/libarch__arm__core__cortex_m.a(thread.c.obj)
                0x00000000000138c0                z_check_thread_stack_fail
 .text.arch_switch_to_main_thread
                0x00000000000138ec       0x3c zephyr/arch/arch/arm/core/cortex_m/libarch__arm__core__cortex_m.a(thread.c.obj)
                0x00000000000138ec                arch_switch_to_main_thread
 .text.z_arm_cpu_idle_init
                0x0000000000013928        0xc zephyr/arch/arch/arm/core/cortex_m/libarch__arm__core__cortex_m.a(cpu_idle.c.obj)
                0x0000000000013928                z_arm_cpu_idle_init
 .text.z_arm_interrupt_init
                0x0000000000013934       0x18 zephyr/arch/arch/arm/core/cortex_m/libarch__arm__core__cortex_m.a(irq_init.c.obj)
                0x0000000000013934                z_arm_interrupt_init
 .text._isr_wrapper
                0x000000000001394c       0x24 zephyr/arch/arch/arm/core/cortex_m/libarch__arm__core__cortex_m.a(isr_wrapper.c.obj)
                0x000000000001394c                _isr_wrapper
 .text.z_arm_configure_static_mpu_regions
                0x0000000000013970       0x18 zephyr/arch/arch/arm/core/mpu/libarch__arm__core__mpu.a(arm_core_mpu.c.obj)
                0x0000000000013970                z_arm_configure_static_mpu_regions
 .text.z_arm_configure_dynamic_mpu_regions
                0x0000000000013988       0x20 zephyr/arch/arch/arm/core/mpu/libarch__arm__core__mpu.a(arm_core_mpu.c.obj)
                0x0000000000013988                z_arm_configure_dynamic_mpu_regions
 .text.region_init
                0x00000000000139a8       0x28 zephyr/arch/arch/arm/core/mpu/libarch__arm__core__mpu.a(arm_mpu.c.obj)
 .text.mpu_configure_regions
                0x00000000000139d0       0x6c zephyr/arch/arch/arm/core/mpu/libarch__arm__core__mpu.a(arm_mpu.c.obj)
 .text.arm_core_mpu_enable
                0x0000000000013a3c       0x18 zephyr/arch/arch/arm/core/mpu/libarch__arm__core__mpu.a(arm_mpu.c.obj)
                0x0000000000013a3c                arm_core_mpu_enable
 .text.arm_core_mpu_disable
                0x0000000000013a54       0x14 zephyr/arch/arch/arm/core/mpu/libarch__arm__core__mpu.a(arm_mpu.c.obj)
                0x0000000000013a54                arm_core_mpu_disable
 .text.arm_core_mpu_configure_static_mpu_regions
                0x0000000000013a68       0x14 zephyr/arch/arch/arm/core/mpu/libarch__arm__core__mpu.a(arm_mpu.c.obj)
                0x0000000000013a68                arm_core_mpu_configure_static_mpu_regions
 .text.arm_core_mpu_configure_dynamic_mpu_regions
                0x0000000000013a7c       0x38 zephyr/arch/arch/arm/core/mpu/libarch__arm__core__mpu.a(arm_mpu.c.obj)
                0x0000000000013a7c                arm_core_mpu_configure_dynamic_mpu_regions
 .text.z_arm_mpu_init
                0x0000000000013ab4      0x168 zephyr/arch/arch/arm/core/mpu/libarch__arm__core__mpu.a(arm_mpu.c.obj)
                0x0000000000013ab4                z_arm_mpu_init
 .text.z_impl_zephyr_fputc
                0x0000000000013c1c       0x10 zephyr/lib/libc/picolibc/liblib__libc__picolibc.a(stdio.c.obj)
                0x0000000000013c1c                z_impl_zephyr_fputc
 .text.__stdout_hook_install
                0x0000000000013c2c       0x18 zephyr/lib/libc/picolibc/liblib__libc__picolibc.a(stdio.c.obj)
                0x0000000000013c2c                __stdout_hook_install
 .text.malloc_prepare
                0x0000000000013c44       0x24 zephyr/lib/libc/common/liblib__libc__common.a(malloc.c.obj)
 .text.net_buf_destroy
                0x0000000000013c68       0x38 zephyr/lib/net_buf/liblib__net_buf.a(buf.c.obj)
 .text.net_buf_pool_get
                0x0000000000013ca0       0x10 zephyr/lib/net_buf/liblib__net_buf.a(buf.c.obj)
                0x0000000000013ca0                net_buf_pool_get
 .text.net_buf_id
                0x0000000000013cb0       0x20 zephyr/lib/net_buf/liblib__net_buf.a(buf.c.obj)
                0x0000000000013cb0                net_buf_id
 .text.fixed_data_alloc
                0x0000000000013cd0       0x24 zephyr/lib/net_buf/liblib__net_buf.a(buf.c.obj)
 .text.net_buf_alloc_len
                0x0000000000013cf4       0xfc zephyr/lib/net_buf/liblib__net_buf.a(buf.c.obj)
                0x0000000000013cf4                net_buf_alloc_len
 .text.net_buf_unref
                0x0000000000013df0       0x3c zephyr/lib/net_buf/liblib__net_buf.a(buf.c.obj)
                0x0000000000013df0                net_buf_unref
 .text.nordicsemi_nrf52_init
                0x0000000000013e2c       0x10 zephyr/soc/soc/nrf52840/libsoc__nordic.a(soc.c.obj)
 .text.arch_busy_wait
                0x0000000000013e3c       0x14 zephyr/soc/soc/nrf52840/libsoc__nordic.a(soc.c.obj)
                0x0000000000013e3c                arch_busy_wait
 .text.board_init
                0x0000000000013e50       0x3c zephyr/boards/arduino/nano_33_ble/libboards__arduino__nano_33_ble.a(board.c.obj)
 .text.uuid_to_uuid128
                0x0000000000013e8c       0x78 zephyr/subsys/bluetooth/host/libsubsys__bluetooth__host.a(uuid.c.obj)
 .text.hci_rx_pool_destroy
                0x0000000000013f04       0x20 zephyr/subsys/bluetooth/host/libsubsys__bluetooth__host.a(buf.c.obj)
 .text.bt_buf_get_rx
                0x0000000000013f24       0x30 zephyr/subsys/bluetooth/host/libsubsys__bluetooth__host.a(buf.c.obj)
                0x0000000000013f24                bt_buf_get_rx
 .text.bt_buf_get_evt
                0x0000000000013f54       0x3c zephyr/subsys/bluetooth/host/libsubsys__bluetooth__host.a(buf.c.obj)
                0x0000000000013f54                bt_buf_get_evt
 .text.hci_disconn_complete_prio
                0x0000000000013f90       0x4c zephyr/subsys/bluetooth/host/libsubsys__bluetooth__host.a(hci_core.c.obj)
 .text.find_pending_connect.part.0
                0x0000000000013fdc       0x2c zephyr/subsys/bluetooth/host/libsubsys__bluetooth__host.a(hci_core.c.obj)
 .text.hci_vendor_event
                0x0000000000014008       0x20 zephyr/subsys/bluetooth/host/libsubsys__bluetooth__host.a(hci_core.c.obj)
 .text.hci_le_meta_event
                0x0000000000014028       0x20 zephyr/subsys/bluetooth/host/libsubsys__bluetooth__host.a(hci_core.c.obj)
 .text.hci_le_meta_prio_event
                0x0000000000014048       0x20 zephyr/subsys/bluetooth/host/libsubsys__bluetooth__host.a(hci_core.c.obj)
 .text.hci_cmd_done
                0x0000000000014068      0x100 zephyr/subsys/bluetooth/host/libsubsys__bluetooth__host.a(hci_core.c.obj)
 .text.bt_hci_recv
                0x0000000000014168      0x118 zephyr/subsys/bluetooth/host/libsubsys__bluetooth__host.a(hci_core.c.obj)
                0x0000000000014168                bt_hci_recv
 .text.rx_work_handler
                0x0000000000014280       0xe8 zephyr/subsys/bluetooth/host/libsubsys__bluetooth__host.a(hci_core.c.obj)
 .text.hci_reset_complete
                0x0000000000014368       0x2c zephyr/subsys/bluetooth/host/libsubsys__bluetooth__host.a(hci_core.c.obj)
 .text.bt_hci_cmd_state_set_init
                0x0000000000014394       0x24 zephyr/subsys/bluetooth/host/libsubsys__bluetooth__host.a(hci_core.c.obj)
                0x0000000000014394                bt_hci_cmd_state_set_init
 .text.bt_hci_cmd_alloc
                0x00000000000143b8       0x50 zephyr/subsys/bluetooth/host/libsubsys__bluetooth__host.a(hci_core.c.obj)
                0x00000000000143b8                bt_hci_cmd_alloc
 .text.bt_send  0x0000000000014408       0x14 zephyr/subsys/bluetooth/host/libsubsys__bluetooth__host.a(hci_core.c.obj)
                0x0000000000014408                bt_send
 .text.bt_finalize_init
                0x000000000001441c        0xc zephyr/subsys/bluetooth/host/libsubsys__bluetooth__host.a(hci_core.c.obj)
                0x000000000001441c                bt_finalize_init
 .text.bt_get_name
                0x0000000000014428        0x8 zephyr/subsys/bluetooth/host/libsubsys__bluetooth__host.a(hci_core.c.obj)
                0x0000000000014428                bt_get_name
 .text.bt_tx_irq_raise
                0x0000000000014430        0xc zephyr/subsys/bluetooth/host/libsubsys__bluetooth__host.a(hci_core.c.obj)
                0x0000000000014430                bt_tx_irq_raise
 .text.bt_hci_cmd_send
                0x000000000001443c       0x88 zephyr/subsys/bluetooth/host/libsubsys__bluetooth__host.a(hci_core.c.obj)
                0x000000000001443c                bt_hci_cmd_send
 .text.process_pending_cmd
                0x00000000000144c4       0xb0 zephyr/subsys/bluetooth/host/libsubsys__bluetooth__host.a(hci_core.c.obj)
 .text.bt_hci_cmd_send_sync
                0x0000000000014574      0x174 zephyr/subsys/bluetooth/host/libsubsys__bluetooth__host.a(hci_core.c.obj)
                0x0000000000014574                bt_hci_cmd_send_sync
 .text.bt_init  0x00000000000146e8      0x308 zephyr/subsys/bluetooth/host/libsubsys__bluetooth__host.a(hci_core.c.obj)
 .text.init_work
                0x00000000000149f0       0x18 zephyr/subsys/bluetooth/host/libsubsys__bluetooth__host.a(hci_core.c.obj)
 .text.bt_enable
                0x0000000000014a08       0xb0 zephyr/subsys/bluetooth/host/libsubsys__bluetooth__host.a(hci_core.c.obj)
                0x0000000000014a08                bt_enable
 .text.bt_hci_le_enh_conn_complete
                0x0000000000014ab8      0x148 zephyr/subsys/bluetooth/host/libsubsys__bluetooth__host.a(hci_core.c.obj)
                0x0000000000014ab8                bt_hci_le_enh_conn_complete
 .text.le_legacy_conn_complete
                0x0000000000014c00       0x80 zephyr/subsys/bluetooth/host/libsubsys__bluetooth__host.a(hci_core.c.obj)
 .text.hci_cmd_complete
                0x0000000000014c80       0x3c zephyr/subsys/bluetooth/host/libsubsys__bluetooth__host.a(hci_core.c.obj)
 .text.hci_cmd_status
                0x0000000000014cbc       0x30 zephyr/subsys/bluetooth/host/libsubsys__bluetooth__host.a(hci_core.c.obj)
 .text.bt_hci_evt_create
                0x0000000000014cec       0x50 zephyr/subsys/bluetooth/host/libsubsys__bluetooth__host.a(hci_common.c.obj)
                0x0000000000014cec                bt_hci_evt_create
 .text.id_find  0x0000000000014d3c       0x30 zephyr/subsys/bluetooth/host/libsubsys__bluetooth__host.a(id.c.obj)
 .text.set_random_address
                0x0000000000014d6c       0x58 zephyr/subsys/bluetooth/host/libsubsys__bluetooth__host.a(id.c.obj)
 .text.id_create.constprop.0
                0x0000000000014dc4       0x74 zephyr/subsys/bluetooth/host/libsubsys__bluetooth__host.a(id.c.obj)
 .text.bt_id_create
                0x0000000000014e38       0x88 zephyr/subsys/bluetooth/host/libsubsys__bluetooth__host.a(id.c.obj)
                0x0000000000014e38                bt_id_create
 .text.bt_id_read_public_addr
                0x0000000000014ec0       0x6c zephyr/subsys/bluetooth/host/libsubsys__bluetooth__host.a(id.c.obj)
                0x0000000000014ec0                bt_id_read_public_addr
 .text.bt_setup_public_id_addr
                0x0000000000014f2c       0x20 zephyr/subsys/bluetooth/host/libsubsys__bluetooth__host.a(id.c.obj)
                0x0000000000014f2c                bt_setup_public_id_addr
 .text.bt_setup_random_id_addr
                0x0000000000014f4c       0xac zephyr/subsys/bluetooth/host/libsubsys__bluetooth__host.a(id.c.obj)
                0x0000000000014f4c                bt_setup_random_id_addr
 .text.bt_id_set_adv_own_addr
                0x0000000000014ff8       0xd0 zephyr/subsys/bluetooth/host/libsubsys__bluetooth__host.a(id.c.obj)
                0x0000000000014ff8                bt_id_set_adv_own_addr
 .text.bt_id_init
                0x00000000000150c8       0x30 zephyr/subsys/bluetooth/host/libsubsys__bluetooth__host.a(id.c.obj)
                0x00000000000150c8                bt_id_init
 .text.valid_adv_param
                0x00000000000150f8       0x84 zephyr/subsys/bluetooth/host/libsubsys__bluetooth__host.a(adv.c.obj)
 .text.le_adv_update.constprop.0
                0x000000000001517c       0x58 zephyr/subsys/bluetooth/host/libsubsys__bluetooth__host.a(adv.c.obj)
 .text.le_adv_start_add_conn.constprop.0
                0x00000000000151d4       0x6c zephyr/subsys/bluetooth/host/libsubsys__bluetooth__host.a(adv.c.obj)
 .text.bt_le_adv_lookup_legacy
                0x0000000000015240        0x8 zephyr/subsys/bluetooth/host/libsubsys__bluetooth__host.a(adv.c.obj)
                0x0000000000015240                bt_le_adv_lookup_legacy
 .text.bt_le_adv_start
                0x0000000000015248      0x24c zephyr/subsys/bluetooth/host/libsubsys__bluetooth__host.a(adv.c.obj)
                0x0000000000015248                bt_le_adv_start
 .text.bt_le_adv_stop
                0x0000000000015494       0x7c zephyr/subsys/bluetooth/host/libsubsys__bluetooth__host.a(adv.c.obj)
                0x0000000000015494                bt_le_adv_stop
 .text.notify_connected
                0x0000000000015510       0x40 zephyr/subsys/bluetooth/host/libsubsys__bluetooth__host.a(conn.c.obj)
 .text.frag_destroy
                0x0000000000015550       0x20 zephyr/subsys/bluetooth/host/libsubsys__bluetooth__host.a(conn.c.obj)
 .text.conn_tx_destroy
                0x0000000000015570       0x2c zephyr/subsys/bluetooth/host/libsubsys__bluetooth__host.a(conn.c.obj)
 .text.recycled_work_handler
                0x000000000001559c       0x54 zephyr/subsys/bluetooth/host/libsubsys__bluetooth__host.a(conn.c.obj)
 .text.tx_notify_process
                0x00000000000155f0       0x60 zephyr/subsys/bluetooth/host/libsubsys__bluetooth__host.a(conn.c.obj)
 .text.bt_conn_get_pkts
                0x0000000000015650       0x18 zephyr/subsys/bluetooth/host/libsubsys__bluetooth__host.a(conn.c.obj)
                0x0000000000015650                bt_conn_get_pkts
 .text.bt_conn_tx_notify
                0x0000000000015668       0x48 zephyr/subsys/bluetooth/host/libsubsys__bluetooth__host.a(conn.c.obj)
                0x0000000000015668                bt_conn_tx_notify
 .text.bt_conn_new
                0x00000000000156b0       0x64 zephyr/subsys/bluetooth/host/libsubsys__bluetooth__host.a(conn.c.obj)
                0x00000000000156b0                bt_conn_new
 .text.bt_conn_unref
                0x0000000000015714       0x38 zephyr/subsys/bluetooth/host/libsubsys__bluetooth__host.a(conn.c.obj)
                0x0000000000015714                bt_conn_unref
 .text.bt_conn_data_ready
                0x000000000001574c       0x54 zephyr/subsys/bluetooth/host/libsubsys__bluetooth__host.a(conn.c.obj)
                0x000000000001574c                bt_conn_data_ready
 .text.bt_conn_set_state
                0x00000000000157a0       0xe8 zephyr/subsys/bluetooth/host/libsubsys__bluetooth__host.a(conn.c.obj)
                0x00000000000157a0                bt_conn_set_state
 .text.bt_conn_foreach
                0x0000000000015888       0x30 zephyr/subsys/bluetooth/host/libsubsys__bluetooth__host.a(conn.c.obj)
                0x0000000000015888                bt_conn_foreach
 .text.auto_initiated_procedures
                0x00000000000158b8       0x10 zephyr/subsys/bluetooth/host/libsubsys__bluetooth__host.a(conn.c.obj)
 .text.bt_conn_lookup_handle
                0x00000000000158c8       0x38 zephyr/subsys/bluetooth/host/libsubsys__bluetooth__host.a(conn.c.obj)
                0x00000000000158c8                bt_conn_lookup_handle
 .text.bt_conn_index
                0x0000000000015900       0x18 zephyr/subsys/bluetooth/host/libsubsys__bluetooth__host.a(conn.c.obj)
                0x0000000000015900                bt_conn_index
 .text.bt_conn_create_pdu_timeout
                0x0000000000015918       0x4c zephyr/subsys/bluetooth/host/libsubsys__bluetooth__host.a(conn.c.obj)
                0x0000000000015918                bt_conn_create_pdu_timeout
 .text.bt_conn_connected
                0x0000000000015964       0x20 zephyr/subsys/bluetooth/host/libsubsys__bluetooth__host.a(conn.c.obj)
                0x0000000000015964                bt_conn_connected
 .text.bt_conn_tx_processor
                0x0000000000015984      0x2d4 zephyr/subsys/bluetooth/host/libsubsys__bluetooth__host.a(conn.c.obj)
                0x0000000000015984                bt_conn_tx_processor
 .text.bt_conn_notify_le_param_updated
                0x0000000000015c58       0x9c zephyr/subsys/bluetooth/host/libsubsys__bluetooth__host.a(conn.c.obj)
                0x0000000000015c58                bt_conn_notify_le_param_updated
 .text.bt_conn_le_param_req
                0x0000000000015cf4       0x78 zephyr/subsys/bluetooth/host/libsubsys__bluetooth__host.a(conn.c.obj)
                0x0000000000015cf4                bt_conn_le_param_req
 .text.bt_conn_add_le
                0x0000000000015d6c       0x54 zephyr/subsys/bluetooth/host/libsubsys__bluetooth__host.a(conn.c.obj)
                0x0000000000015d6c                bt_conn_add_le
 .text.bt_conn_lookup_addr_le
                0x0000000000015dc0       0x34 zephyr/subsys/bluetooth/host/libsubsys__bluetooth__host.a(conn.c.obj)
                0x0000000000015dc0                bt_conn_lookup_addr_le
 .text.bt_conn_lookup_state_le
                0x0000000000015df4       0x44 zephyr/subsys/bluetooth/host/libsubsys__bluetooth__host.a(conn.c.obj)
                0x0000000000015df4                bt_conn_lookup_state_le
 .text.send_conn_le_param_update
                0x0000000000015e38       0x6c zephyr/subsys/bluetooth/host/libsubsys__bluetooth__host.a(conn.c.obj)
 .text.deferred_work
                0x0000000000015ea4       0xfc zephyr/subsys/bluetooth/host/libsubsys__bluetooth__host.a(conn.c.obj)
 .text.bt_conn_init
                0x0000000000015fa0       0x44 zephyr/subsys/bluetooth/host/libsubsys__bluetooth__host.a(conn.c.obj)
                0x0000000000015fa0                bt_conn_init
 .text.l2cap_accept
                0x0000000000015fe4       0x1c zephyr/subsys/bluetooth/host/libsubsys__bluetooth__host.a(l2cap.c.obj)
 .text.bt_l2cap_create_pdu_timeout
                0x0000000000016000       0x34 zephyr/subsys/bluetooth/host/libsubsys__bluetooth__host.a(l2cap.c.obj)
                0x0000000000016000                bt_l2cap_create_pdu_timeout
 .text.l2cap_data_pull
                0x0000000000016034       0xdc zephyr/subsys/bluetooth/host/libsubsys__bluetooth__host.a(l2cap.c.obj)
                0x0000000000016034                l2cap_data_pull
 .text.bt_l2cap_connected
                0x0000000000016110       0xac zephyr/subsys/bluetooth/host/libsubsys__bluetooth__host.a(l2cap.c.obj)
                0x0000000000016110                bt_l2cap_connected
 .text.bt_l2cap_update_conn_param
                0x00000000000161bc       0x50 zephyr/subsys/bluetooth/host/libsubsys__bluetooth__host.a(l2cap.c.obj)
                0x00000000000161bc                bt_l2cap_update_conn_param
 .text.att_op_get_type
                0x000000000001620c       0x74 zephyr/subsys/bluetooth/host/libsubsys__bluetooth__host.a(att.c.obj)
 .text.bt_att_chan_create_pdu
                0x0000000000016280       0x94 zephyr/subsys/bluetooth/host/libsubsys__bluetooth__host.a(att.c.obj)
 .text.bt_att_released
                0x0000000000016314        0xc zephyr/subsys/bluetooth/host/libsubsys__bluetooth__host.a(att.c.obj)
 .text.att_create_rsp_pdu
                0x0000000000016320       0x48 zephyr/subsys/bluetooth/host/libsubsys__bluetooth__host.a(att.c.obj)
 .text.bt_att_connected
                0x0000000000016368       0x40 zephyr/subsys/bluetooth/host/libsubsys__bluetooth__host.a(att.c.obj)
 .text.bt_addr_le_to_str.constprop.0.isra.0
                0x00000000000163a8       0x78 zephyr/subsys/bluetooth/host/libsubsys__bluetooth__host.a(att.c.obj)
 .text.read_group_cb
                0x0000000000016420       0xb8 zephyr/subsys/bluetooth/host/libsubsys__bluetooth__host.a(att.c.obj)
 .text.read_type_cb
                0x00000000000164d8       0xc0 zephyr/subsys/bluetooth/host/libsubsys__bluetooth__host.a(att.c.obj)
 .text.prep_write_cb
                0x0000000000016598       0x88 zephyr/subsys/bluetooth/host/libsubsys__bluetooth__host.a(att.c.obj)
 .text.bt_att_accept
                0x0000000000016620       0xd0 zephyr/subsys/bluetooth/host/libsubsys__bluetooth__host.a(att.c.obj)
 .text.chan_send
                0x00000000000166f0       0xac zephyr/subsys/bluetooth/host/libsubsys__bluetooth__host.a(att.c.obj)
 .text.att_tx_destroy
                0x000000000001679c       0xdc zephyr/subsys/bluetooth/host/libsubsys__bluetooth__host.a(att.c.obj)
 .text.bt_att_recv
                0x0000000000016878       0x8c zephyr/subsys/bluetooth/host/libsubsys__bluetooth__host.a(att.c.obj)
 .text.att_write_rsp
                0x0000000000016904       0xc0 zephyr/subsys/bluetooth/host/libsubsys__bluetooth__host.a(att.c.obj)
 .text.att_exec_write_req
                0x00000000000169c4      0x138 zephyr/subsys/bluetooth/host/libsubsys__bluetooth__host.a(att.c.obj)
 .text.att_read_group_req
                0x0000000000016afc       0xf0 zephyr/subsys/bluetooth/host/libsubsys__bluetooth__host.a(att.c.obj)
 .text.att_read_mult_vl_req
                0x0000000000016bec       0x9c zephyr/subsys/bluetooth/host/libsubsys__bluetooth__host.a(att.c.obj)
 .text.att_read_mult_req
                0x0000000000016c88       0x9c zephyr/subsys/bluetooth/host/libsubsys__bluetooth__host.a(att.c.obj)
 .text.att_read_rsp
                0x0000000000016d24       0x90 zephyr/subsys/bluetooth/host/libsubsys__bluetooth__host.a(att.c.obj)
 .text.att_read_type_req
                0x0000000000016db4      0x114 zephyr/subsys/bluetooth/host/libsubsys__bluetooth__host.a(att.c.obj)
 .text.att_find_type_req
                0x0000000000016ec8       0xc0 zephyr/subsys/bluetooth/host/libsubsys__bluetooth__host.a(att.c.obj)
 .text.att_find_info_req
                0x0000000000016f88       0x6c zephyr/subsys/bluetooth/host/libsubsys__bluetooth__host.a(att.c.obj)
 .text.att_prepare_write_req
                0x0000000000016ff4       0xdc zephyr/subsys/bluetooth/host/libsubsys__bluetooth__host.a(att.c.obj)
 .text.bt_att_req_alloc
                0x00000000000170d0       0x5c zephyr/subsys/bluetooth/host/libsubsys__bluetooth__host.a(att.c.obj)
                0x00000000000170d0                bt_att_req_alloc
 .text.bt_att_req_free
                0x000000000001712c       0x20 zephyr/subsys/bluetooth/host/libsubsys__bluetooth__host.a(att.c.obj)
                0x000000000001712c                bt_att_req_free
 .text.att_handle_rsp
                0x000000000001714c       0x74 zephyr/subsys/bluetooth/host/libsubsys__bluetooth__host.a(att.c.obj)
 .text.bt_att_disconnected
                0x00000000000171c0       0xdc zephyr/subsys/bluetooth/host/libsubsys__bluetooth__host.a(att.c.obj)
 .text.bt_att_set_tx_meta_data
                0x000000000001729c       0x24 zephyr/subsys/bluetooth/host/libsubsys__bluetooth__host.a(att.c.obj)
                0x000000000001729c                bt_att_set_tx_meta_data
 .text.find_sc_cfg
                0x00000000000172c0       0x24 zephyr/subsys/bluetooth/host/libsubsys__bluetooth__host.a(gatt.c.obj)
 .text.read_ppcp
                0x00000000000172e4       0x28 zephyr/subsys/bluetooth/host/libsubsys__bluetooth__host.a(gatt.c.obj)
 .text.sc_save  0x000000000001730c       0x54 zephyr/subsys/bluetooth/host/libsubsys__bluetooth__host.a(gatt.c.obj)
 .text.sc_indicate_rsp
                0x0000000000017360       0x38 zephyr/subsys/bluetooth/host/libsubsys__bluetooth__host.a(gatt.c.obj)
 .text.disconnected_cb
                0x0000000000017398       0xb4 zephyr/subsys/bluetooth/host/libsubsys__bluetooth__host.a(gatt.c.obj)
 .text.find_ccc_cfg
                0x000000000001744c       0x2c zephyr/subsys/bluetooth/host/libsubsys__bluetooth__host.a(gatt.c.obj)
 .text.bt_gatt_attr_write_ccc
                0x0000000000017478       0xc0 zephyr/subsys/bluetooth/host/libsubsys__bluetooth__host.a(gatt.c.obj)
                0x0000000000017478                bt_gatt_attr_write_ccc
 .text.bt_gatt_init
                0x0000000000017538       0x80 zephyr/subsys/bluetooth/host/libsubsys__bluetooth__host.a(gatt.c.obj)
                0x0000000000017538                bt_gatt_init
 .text.bt_gatt_attr_get_handle
                0x00000000000175b8       0x60 zephyr/subsys/bluetooth/host/libsubsys__bluetooth__host.a(gatt.c.obj)
                0x00000000000175b8                bt_gatt_attr_get_handle
 .text.bt_gatt_foreach_attr_type
                0x0000000000017618       0xb4 zephyr/subsys/bluetooth/host/libsubsys__bluetooth__host.a(gatt.c.obj)
                0x0000000000017618                bt_gatt_foreach_attr_type
 .text.bt_gatt_attr_next
                0x00000000000176cc       0x24 zephyr/subsys/bluetooth/host/libsubsys__bluetooth__host.a(gatt.c.obj)
                0x00000000000176cc                bt_gatt_attr_next
 .text.gatt_indicate
                0x00000000000176f0       0xa0 zephyr/subsys/bluetooth/host/libsubsys__bluetooth__host.a(gatt.c.obj)
 .text.bt_gatt_indicate
                0x0000000000017790       0xf4 zephyr/subsys/bluetooth/host/libsubsys__bluetooth__host.a(gatt.c.obj)
                0x0000000000017790                bt_gatt_indicate
 .text.sc_process
                0x0000000000017884       0x78 zephyr/subsys/bluetooth/host/libsubsys__bluetooth__host.a(gatt.c.obj)
 .text.update_ccc
                0x00000000000178fc       0xb8 zephyr/subsys/bluetooth/host/libsubsys__bluetooth__host.a(gatt.c.obj)
 .text.bt_gatt_notify_cb
                0x00000000000179b4       0xec zephyr/subsys/bluetooth/host/libsubsys__bluetooth__host.a(gatt.c.obj)
                0x00000000000179b4                bt_gatt_notify_cb
 .text.notify_cb
                0x0000000000017aa0      0x100 zephyr/subsys/bluetooth/host/libsubsys__bluetooth__host.a(gatt.c.obj)
 .text.bt_gatt_connected
                0x0000000000017ba0       0x20 zephyr/subsys/bluetooth/host/libsubsys__bluetooth__host.a(gatt.c.obj)
                0x0000000000017ba0                bt_gatt_connected
 .text.bt_gatt_att_max_mtu_changed
                0x0000000000017bc0       0x28 zephyr/subsys/bluetooth/host/libsubsys__bluetooth__host.a(gatt.c.obj)
                0x0000000000017bc0                bt_gatt_att_max_mtu_changed
 .text.bt_gatt_disconnected
                0x0000000000017be8       0x14 zephyr/subsys/bluetooth/host/libsubsys__bluetooth__host.a(gatt.c.obj)
                0x0000000000017be8                bt_gatt_disconnected
 .text.bt_smp_accept
                0x0000000000017bfc       0x1c zephyr/subsys/bluetooth/host/libsubsys__bluetooth__host.a(smp_null.c.obj)
 .text.mem_init
                0x0000000000017c18       0x48 zephyr/subsys/bluetooth/controller/libsubsys__bluetooth__controller.a(mem.c.obj)
                0x0000000000017c18                mem_init
 .text.mem_acquire
                0x0000000000017c60       0x2c zephyr/subsys/bluetooth/controller/libsubsys__bluetooth__controller.a(mem.c.obj)
                0x0000000000017c60                mem_acquire
 .text.mem_release
                0x0000000000017c8c       0x28 zephyr/subsys/bluetooth/controller/libsubsys__bluetooth__controller.a(mem.c.obj)
                0x0000000000017c8c                mem_release
 .text.mem_get  0x0000000000017cb4        0x8 zephyr/subsys/bluetooth/controller/libsubsys__bluetooth__controller.a(mem.c.obj)
                0x0000000000017cb4                mem_get
 .text.mem_index_get
                0x0000000000017cbc        0xc zephyr/subsys/bluetooth/controller/libsubsys__bluetooth__controller.a(mem.c.obj)
                0x0000000000017cbc                mem_index_get
 .text.mem_rcopy
                0x0000000000017cc8       0x1c zephyr/subsys/bluetooth/controller/libsubsys__bluetooth__controller.a(mem.c.obj)
                0x0000000000017cc8                mem_rcopy
 .text.mem_nz   0x0000000000017ce4       0x18 zephyr/subsys/bluetooth/controller/libsubsys__bluetooth__controller.a(mem.c.obj)
                0x0000000000017ce4                mem_nz
 .text.memq_init
                0x0000000000017cfc        0x8 zephyr/subsys/bluetooth/controller/libsubsys__bluetooth__controller.a(memq.c.obj)
                0x0000000000017cfc                memq_init
 .text.memq_deinit
                0x0000000000017d04       0x14 zephyr/subsys/bluetooth/controller/libsubsys__bluetooth__controller.a(memq.c.obj)
                0x0000000000017d04                memq_deinit
 .text.memq_enqueue
                0x0000000000017d18       0x14 zephyr/subsys/bluetooth/controller/libsubsys__bluetooth__controller.a(memq.c.obj)
                0x0000000000017d18                memq_enqueue
 .text.memq_peek
                0x0000000000017d2c       0x10 zephyr/subsys/bluetooth/controller/libsubsys__bluetooth__controller.a(memq.c.obj)
                0x0000000000017d2c                memq_peek
 .text.memq_dequeue
                0x0000000000017d3c       0x20 zephyr/subsys/bluetooth/controller/libsubsys__bluetooth__controller.a(memq.c.obj)
                0x0000000000017d3c                memq_dequeue
 .text.mayfly_init
                0x0000000000017d5c       0x40 zephyr/subsys/bluetooth/controller/libsubsys__bluetooth__controller.a(mayfly.c.obj)
                0x0000000000017d5c                mayfly_init
 .text.mayfly_enable
                0x0000000000017d9c       0x68 zephyr/subsys/bluetooth/controller/libsubsys__bluetooth__controller.a(mayfly.c.obj)
                0x0000000000017d9c                mayfly_enable
 .text.mayfly_enqueue
                0x0000000000017e04       0xbc zephyr/subsys/bluetooth/controller/libsubsys__bluetooth__controller.a(mayfly.c.obj)
                0x0000000000017e04                mayfly_enqueue
 .text.mayfly_run
                0x0000000000017ec0      0x174 zephyr/subsys/bluetooth/controller/libsubsys__bluetooth__controller.a(mayfly.c.obj)
                0x0000000000017ec0                mayfly_run
 .text.util_ones_count_get
                0x0000000000018034       0x28 zephyr/subsys/bluetooth/controller/libsubsys__bluetooth__controller.a(util.c.obj)
                0x0000000000018034                util_ones_count_get
 .text.ticker_dequeue
                0x000000000001805c       0x74 zephyr/subsys/bluetooth/controller/libsubsys__bluetooth__controller.a(ticker.c.obj)
 .text.ticks_to_expire_prep
                0x00000000000180d0       0x48 zephyr/subsys/bluetooth/controller/libsubsys__bluetooth__controller.a(ticker.c.obj)
 .text.start_us.constprop.0
                0x0000000000018118       0xac zephyr/subsys/bluetooth/controller/libsubsys__bluetooth__controller.a(ticker.c.obj)
 .text.ticker_job_list_insert
                0x00000000000181c4      0x218 zephyr/subsys/bluetooth/controller/libsubsys__bluetooth__controller.a(ticker.c.obj)
 .text.ticker_worker
                0x00000000000183dc      0x390 zephyr/subsys/bluetooth/controller/libsubsys__bluetooth__controller.a(ticker.c.obj)
                0x00000000000183dc                ticker_worker
 .text.ticker_job
                0x000000000001876c      0x988 zephyr/subsys/bluetooth/controller/libsubsys__bluetooth__controller.a(ticker.c.obj)
                0x000000000001876c                ticker_job
 .text.ticker_init
                0x00000000000190f4       0x64 zephyr/subsys/bluetooth/controller/libsubsys__bluetooth__controller.a(ticker.c.obj)
                0x00000000000190f4                ticker_init
 .text.ticker_deinit
                0x0000000000019158       0x20 zephyr/subsys/bluetooth/controller/libsubsys__bluetooth__controller.a(ticker.c.obj)
                0x0000000000019158                ticker_deinit
 .text.ticker_trigger
                0x0000000000019178       0x30 zephyr/subsys/bluetooth/controller/libsubsys__bluetooth__controller.a(ticker.c.obj)
                0x0000000000019178                ticker_trigger
 .text.ticker_start
                0x00000000000191a8       0x38 zephyr/subsys/bluetooth/controller/libsubsys__bluetooth__controller.a(ticker.c.obj)
                0x00000000000191a8                ticker_start
 .text.ticker_start_ext
                0x00000000000191e0       0x10 zephyr/subsys/bluetooth/controller/libsubsys__bluetooth__controller.a(ticker.c.obj)
                0x00000000000191e0                ticker_start_ext
 .text.ticker_update_ext
                0x00000000000191f0       0xb0 zephyr/subsys/bluetooth/controller/libsubsys__bluetooth__controller.a(ticker.c.obj)
                0x00000000000191f0                ticker_update_ext
 .text.ticker_update
                0x00000000000192a0       0x30 zephyr/subsys/bluetooth/controller/libsubsys__bluetooth__controller.a(ticker.c.obj)
                0x00000000000192a0                ticker_update
 .text.ticker_stop
                0x00000000000192d0       0x84 zephyr/subsys/bluetooth/controller/libsubsys__bluetooth__controller.a(ticker.c.obj)
                0x00000000000192d0                ticker_stop
 .text.ticker_stop_abs
                0x0000000000019354       0x88 zephyr/subsys/bluetooth/controller/libsubsys__bluetooth__controller.a(ticker.c.obj)
                0x0000000000019354                ticker_stop_abs
 .text.ticker_ticks_now_get
                0x00000000000193dc        0x4 zephyr/subsys/bluetooth/controller/libsubsys__bluetooth__controller.a(ticker.c.obj)
                0x00000000000193dc                ticker_ticks_now_get
 .text.ticker_ticks_diff_get
                0x00000000000193e0        0x8 zephyr/subsys/bluetooth/controller/libsubsys__bluetooth__controller.a(ticker.c.obj)
                0x00000000000193e0                ticker_ticks_diff_get
 .text.ll_feat_get
                0x00000000000193e8        0xc zephyr/subsys/bluetooth/controller/libsubsys__bluetooth__controller.a(ll_feat.c.obj)
                0x00000000000193e8                ll_feat_get
 .text.ll_tx_pwr_lvl_get
                0x00000000000193f4       0x20 zephyr/subsys/bluetooth/controller/libsubsys__bluetooth__controller.a(ll_tx_pwr.c.obj)
                0x00000000000193f4                ll_tx_pwr_lvl_get
 .text.ll_tx_pwr_get
                0x0000000000019414        0x8 zephyr/subsys/bluetooth/controller/libsubsys__bluetooth__controller.a(ll_tx_pwr.c.obj)
                0x0000000000019414                ll_tx_pwr_get
 .text.ll_addr_set
                0x000000000001941c       0x38 zephyr/subsys/bluetooth/controller/libsubsys__bluetooth__controller.a(ll_addr.c.obj)
                0x000000000001941c                ll_addr_set
 .text.ll_addr_get
                0x0000000000019454       0x20 zephyr/subsys/bluetooth/controller/libsubsys__bluetooth__controller.a(ll_addr.c.obj)
                0x0000000000019454                ll_addr_get
 .text.ll_addr_read
                0x0000000000019474       0x28 zephyr/subsys/bluetooth/controller/libsubsys__bluetooth__controller.a(ll_addr.c.obj)
                0x0000000000019474                ll_addr_read
 .text.perform_lll_reset
                0x000000000001949c       0x40 zephyr/subsys/bluetooth/controller/libsubsys__bluetooth__controller.a(ull.c.obj)
 .text.ull_ticker_status_give
                0x00000000000194dc        0xc zephyr/subsys/bluetooth/controller/libsubsys__bluetooth__controller.a(ull.c.obj)
                0x00000000000194dc                ull_ticker_status_give
 .text.disabled_cb
                0x00000000000194e8        0x4 zephyr/subsys/bluetooth/controller/libsubsys__bluetooth__controller.a(ull.c.obj)
 .text.tx_cmplt_get
                0x00000000000194ec       0xb4 zephyr/subsys/bluetooth/controller/libsubsys__bluetooth__controller.a(ull.c.obj)
 .text.rx_replenish
                0x00000000000195a0       0xf8 zephyr/subsys/bluetooth/controller/libsubsys__bluetooth__controller.a(ull.c.obj)
 .text.init_reset
                0x0000000000019698       0xf0 zephyr/subsys/bluetooth/controller/libsubsys__bluetooth__controller.a(ull.c.obj)
 .text.rx_demux
                0x0000000000019788      0x208 zephyr/subsys/bluetooth/controller/libsubsys__bluetooth__controller.a(ull.c.obj)
 .text.ll_init  0x0000000000019990       0xbc zephyr/subsys/bluetooth/controller/libsubsys__bluetooth__controller.a(ull.c.obj)
                0x0000000000019990                ll_init
 .text.ll_reset
                0x0000000000019a4c       0xa0 zephyr/subsys/bluetooth/controller/libsubsys__bluetooth__controller.a(ull.c.obj)
                0x0000000000019a4c                ll_reset
 .text.ll_deinit
                0x0000000000019aec       0x18 zephyr/subsys/bluetooth/controller/libsubsys__bluetooth__controller.a(ull.c.obj)
                0x0000000000019aec                ll_deinit
 .text.ll_rx_get
                0x0000000000019b04       0xcc zephyr/subsys/bluetooth/controller/libsubsys__bluetooth__controller.a(ull.c.obj)
                0x0000000000019b04                ll_rx_get
 .text.ll_rx_dequeue
                0x0000000000019bd0       0xd8 zephyr/subsys/bluetooth/controller/libsubsys__bluetooth__controller.a(ull.c.obj)
                0x0000000000019bd0                ll_rx_dequeue
 .text.ll_rx_mem_release
                0x0000000000019ca8       0xe0 zephyr/subsys/bluetooth/controller/libsubsys__bluetooth__controller.a(ull.c.obj)
                0x0000000000019ca8                ll_rx_mem_release
 .text.ll_rx_link_alloc
                0x0000000000019d88        0xc zephyr/subsys/bluetooth/controller/libsubsys__bluetooth__controller.a(ull.c.obj)
                0x0000000000019d88                ll_rx_link_alloc
 .text.ll_rx_link_release
                0x0000000000019d94        0xc zephyr/subsys/bluetooth/controller/libsubsys__bluetooth__controller.a(ull.c.obj)
                0x0000000000019d94                ll_rx_link_release
 .text.ll_rx_alloc
                0x0000000000019da0        0xc zephyr/subsys/bluetooth/controller/libsubsys__bluetooth__controller.a(ull.c.obj)
                0x0000000000019da0                ll_rx_alloc
 .text.ll_rx_release
                0x0000000000019dac        0xc zephyr/subsys/bluetooth/controller/libsubsys__bluetooth__controller.a(ull.c.obj)
                0x0000000000019dac                ll_rx_release
 .text.ll_rx_put
                0x0000000000019db8       0x18 zephyr/subsys/bluetooth/controller/libsubsys__bluetooth__controller.a(ull.c.obj)
                0x0000000000019db8                ll_rx_put
 .text.ll_rx_put_sched
                0x0000000000019dd0       0x28 zephyr/subsys/bluetooth/controller/libsubsys__bluetooth__controller.a(ull.c.obj)
                0x0000000000019dd0                ll_rx_put_sched
 .text.ll_pdu_rx_alloc_peek
                0x0000000000019df8       0x34 zephyr/subsys/bluetooth/controller/libsubsys__bluetooth__controller.a(ull.c.obj)
                0x0000000000019df8                ll_pdu_rx_alloc_peek
 .text.ll_pdu_rx_alloc
                0x0000000000019e2c       0x24 zephyr/subsys/bluetooth/controller/libsubsys__bluetooth__controller.a(ull.c.obj)
                0x0000000000019e2c                ll_pdu_rx_alloc
 .text.ll_tx_ack_put
                0x0000000000019e50       0x3c zephyr/subsys/bluetooth/controller/libsubsys__bluetooth__controller.a(ull.c.obj)
                0x0000000000019e50                ll_tx_ack_put
 .text.ull_ticker_status_take
                0x0000000000019e8c       0x24 zephyr/subsys/bluetooth/controller/libsubsys__bluetooth__controller.a(ull.c.obj)
                0x0000000000019e8c                ull_ticker_status_take
 .text.ull_disable_mark
                0x0000000000019eb0       0x18 zephyr/subsys/bluetooth/controller/libsubsys__bluetooth__controller.a(ull.c.obj)
                0x0000000000019eb0                ull_disable_mark
 .text.ull_disable_unmark
                0x0000000000019ec8       0x18 zephyr/subsys/bluetooth/controller/libsubsys__bluetooth__controller.a(ull.c.obj)
                0x0000000000019ec8                ull_disable_unmark
 .text.ull_disable_mark_get
                0x0000000000019ee0        0xc zephyr/subsys/bluetooth/controller/libsubsys__bluetooth__controller.a(ull.c.obj)
                0x0000000000019ee0                ull_disable_mark_get
 .text.ull_update_mark
                0x0000000000019eec       0x18 zephyr/subsys/bluetooth/controller/libsubsys__bluetooth__controller.a(ull.c.obj)
                0x0000000000019eec                ull_update_mark
 .text.ull_update_unmark
                0x0000000000019f04       0x18 zephyr/subsys/bluetooth/controller/libsubsys__bluetooth__controller.a(ull.c.obj)
                0x0000000000019f04                ull_update_unmark
 .text.ull_update_mark_get
                0x0000000000019f1c        0xc zephyr/subsys/bluetooth/controller/libsubsys__bluetooth__controller.a(ull.c.obj)
                0x0000000000019f1c                ull_update_mark_get
 .text.ull_disable
                0x0000000000019f28       0x54 zephyr/subsys/bluetooth/controller/libsubsys__bluetooth__controller.a(ull.c.obj)
                0x0000000000019f28                ull_disable
 .text.ull_ticker_stop_with_mark
                0x0000000000019f7c       0xa4 zephyr/subsys/bluetooth/controller/libsubsys__bluetooth__controller.a(ull.c.obj)
                0x0000000000019f7c                ull_ticker_stop_with_mark
 .text.ull_pdu_rx_alloc_peek
                0x000000000001a020       0x34 zephyr/subsys/bluetooth/controller/libsubsys__bluetooth__controller.a(ull.c.obj)
                0x000000000001a020                ull_pdu_rx_alloc_peek
 .text.ull_pdu_rx_alloc
                0x000000000001a054       0x24 zephyr/subsys/bluetooth/controller/libsubsys__bluetooth__controller.a(ull.c.obj)
                0x000000000001a054                ull_pdu_rx_alloc
 .text.ull_rx_put
                0x000000000001a078       0x20 zephyr/subsys/bluetooth/controller/libsubsys__bluetooth__controller.a(ull.c.obj)
                0x000000000001a078                ull_rx_put
 .text.ull_rx_sched
                0x000000000001a098       0x10 zephyr/subsys/bluetooth/controller/libsubsys__bluetooth__controller.a(ull.c.obj)
                0x000000000001a098                ull_rx_sched
 .text.ull_rx_put_sched
                0x000000000001a0a8       0x30 zephyr/subsys/bluetooth/controller/libsubsys__bluetooth__controller.a(ull.c.obj)
                0x000000000001a0a8                ull_rx_put_sched
 .text.ull_prepare_enqueue
                0x000000000001a0d8       0x74 zephyr/subsys/bluetooth/controller/libsubsys__bluetooth__controller.a(ull.c.obj)
                0x000000000001a0d8                ull_prepare_enqueue
 .text.ull_prepare_dequeue_get
                0x000000000001a14c       0x1c zephyr/subsys/bluetooth/controller/libsubsys__bluetooth__controller.a(ull.c.obj)
                0x000000000001a14c                ull_prepare_dequeue_get
 .text.ull_prepare_dequeue_iter
                0x000000000001a168       0x34 zephyr/subsys/bluetooth/controller/libsubsys__bluetooth__controller.a(ull.c.obj)
                0x000000000001a168                ull_prepare_dequeue_iter
 .text.ull_prepare_dequeue
                0x000000000001a19c      0x104 zephyr/subsys/bluetooth/controller/libsubsys__bluetooth__controller.a(ull.c.obj)
                0x000000000001a19c                ull_prepare_dequeue
 .text.ull_event_done_extra_get
                0x000000000001a2a0       0x1c zephyr/subsys/bluetooth/controller/libsubsys__bluetooth__controller.a(ull.c.obj)
                0x000000000001a2a0                ull_event_done_extra_get
 .text.ull_event_done
                0x000000000001a2bc       0x5c zephyr/subsys/bluetooth/controller/libsubsys__bluetooth__controller.a(ull.c.obj)
                0x000000000001a2bc                ull_event_done
 .text.lll_prepare
                0x000000000001a318       0x1c zephyr/subsys/bluetooth/controller/libsubsys__bluetooth__controller.a(lll_common.c.obj)
                0x000000000001a318                lll_prepare
 .text.lll_resume
                0x000000000001a334       0x28 zephyr/subsys/bluetooth/controller/libsubsys__bluetooth__controller.a(lll_common.c.obj)
                0x000000000001a334                lll_resume
 .text.bt_recv_prio
                0x000000000001a35c       0x20 zephyr/subsys/bluetooth/controller/libsubsys__bluetooth__controller.a(hci_driver.c.obj)
 .text.hci_driver_send
                0x000000000001a37c       0x88 zephyr/subsys/bluetooth/controller/libsubsys__bluetooth__controller.a(hci_driver.c.obj)
 .text.hci_driver_close
                0x000000000001a404       0x28 zephyr/subsys/bluetooth/controller/libsubsys__bluetooth__controller.a(hci_driver.c.obj)
 .text.recv_thread
                0x000000000001a42c      0x108 zephyr/subsys/bluetooth/controller/libsubsys__bluetooth__controller.a(hci_driver.c.obj)
 .text.prio_recv_thread
                0x000000000001a534       0xe0 zephyr/subsys/bluetooth/controller/libsubsys__bluetooth__controller.a(hci_driver.c.obj)
 .text.hci_driver_open
                0x000000000001a614       0xb0 zephyr/subsys/bluetooth/controller/libsubsys__bluetooth__controller.a(hci_driver.c.obj)
 .text.hci_recv_fifo_reset
                0x000000000001a6c4       0x20 zephyr/subsys/bluetooth/controller/libsubsys__bluetooth__controller.a(hci_driver.c.obj)
                0x000000000001a6c4                hci_recv_fifo_reset
 .text.le_remote_feat_complete
                0x000000000001a6e4       0x78 zephyr/subsys/bluetooth/controller/libsubsys__bluetooth__controller.a(hci.c.obj)
 .text.hci_vendor_cmd_handle_common
                0x000000000001a75c      0x1a0 zephyr/subsys/bluetooth/controller/libsubsys__bluetooth__controller.a(hci.c.obj)
                0x000000000001a75c                hci_vendor_cmd_handle_common
 .text.hci_cmd_handle
                0x000000000001a8fc      0x70c zephyr/subsys/bluetooth/controller/libsubsys__bluetooth__controller.a(hci.c.obj)
                0x000000000001a8fc                hci_cmd_handle
 .text.hci_acl_handle
                0x000000000001b008       0xbc zephyr/subsys/bluetooth/controller/libsubsys__bluetooth__controller.a(hci.c.obj)
                0x000000000001b008                hci_acl_handle
 .text.hci_disconn_complete_encode
                0x000000000001b0c4       0x40 zephyr/subsys/bluetooth/controller/libsubsys__bluetooth__controller.a(hci.c.obj)
                0x000000000001b0c4                hci_disconn_complete_encode
 .text.hci_disconn_complete_process
                0x000000000001b104       0x10 zephyr/subsys/bluetooth/controller/libsubsys__bluetooth__controller.a(hci.c.obj)
                0x000000000001b104                hci_disconn_complete_process
 .text.hci_acl_encode
                0x000000000001b114       0x50 zephyr/subsys/bluetooth/controller/libsubsys__bluetooth__controller.a(hci.c.obj)
                0x000000000001b114                hci_acl_encode
 .text.hci_evt_encode
                0x000000000001b164      0x3f4 zephyr/subsys/bluetooth/controller/libsubsys__bluetooth__controller.a(hci.c.obj)
                0x000000000001b164                hci_evt_encode
 .text.hci_num_cmplt_encode
                0x000000000001b558       0x30 zephyr/subsys/bluetooth/controller/libsubsys__bluetooth__controller.a(hci.c.obj)
                0x000000000001b558                hci_num_cmplt_encode
 .text.hci_get_class
                0x000000000001b588       0x2c zephyr/subsys/bluetooth/controller/libsubsys__bluetooth__controller.a(hci.c.obj)
                0x000000000001b588                hci_get_class
 .text.hci_init
                0x000000000001b5b4       0x40 zephyr/subsys/bluetooth/controller/libsubsys__bluetooth__controller.a(hci.c.obj)
                0x000000000001b5b4                hci_init
 .text.ticker_stop_cb
                0x000000000001b5f4       0x4c zephyr/subsys/bluetooth/controller/libsubsys__bluetooth__controller.a(ull_adv.c.obj)
 .text.disabled_cb
                0x000000000001b640       0x50 zephyr/subsys/bluetooth/controller/libsubsys__bluetooth__controller.a(ull_adv.c.obj)
 .text.ticker_update_op_cb
                0x000000000001b690       0x3c zephyr/subsys/bluetooth/controller/libsubsys__bluetooth__controller.a(ull_adv.c.obj)
 .text.ticker_stop_op_cb
                0x000000000001b6cc       0x24 zephyr/subsys/bluetooth/controller/libsubsys__bluetooth__controller.a(ull_adv.c.obj)
 .text.adv_disable
                0x000000000001b6f0       0x40 zephyr/subsys/bluetooth/controller/libsubsys__bluetooth__controller.a(ull_adv.c.obj)
 .text.init_set.constprop.0
                0x000000000001b730       0x40 zephyr/subsys/bluetooth/controller/libsubsys__bluetooth__controller.a(ull_adv.c.obj)
 .text.conn_release.constprop.0
                0x000000000001b770       0x54 zephyr/subsys/bluetooth/controller/libsubsys__bluetooth__controller.a(ull_adv.c.obj)
 .text.disable.constprop.0
                0x000000000001b7c4       0xc8 zephyr/subsys/bluetooth/controller/libsubsys__bluetooth__controller.a(ull_adv.c.obj)
 .text.adv_time_get.constprop.0
                0x000000000001b88c       0x74 zephyr/subsys/bluetooth/controller/libsubsys__bluetooth__controller.a(ull_adv.c.obj)
 .text.ticker_cb
                0x000000000001b900       0xe0 zephyr/subsys/bluetooth/controller/libsubsys__bluetooth__controller.a(ull_adv.c.obj)
 .text.ll_adv_params_set
                0x000000000001b9e0      0x1b4 zephyr/subsys/bluetooth/controller/libsubsys__bluetooth__controller.a(ull_adv.c.obj)
                0x000000000001b9e0                ll_adv_params_set
 .text.ull_adv_init
                0x000000000001bb94       0x20 zephyr/subsys/bluetooth/controller/libsubsys__bluetooth__controller.a(ull_adv.c.obj)
                0x000000000001bb94                ull_adv_init
 .text.ull_adv_reset
                0x000000000001bbb4        0xc zephyr/subsys/bluetooth/controller/libsubsys__bluetooth__controller.a(ull_adv.c.obj)
                0x000000000001bbb4                ull_adv_reset
 .text.ull_adv_reset_finalize
                0x000000000001bbc0       0x2c zephyr/subsys/bluetooth/controller/libsubsys__bluetooth__controller.a(ull_adv.c.obj)
                0x000000000001bbc0                ull_adv_reset_finalize
 .text.ull_adv_handle_get
                0x000000000001bbec       0x18 zephyr/subsys/bluetooth/controller/libsubsys__bluetooth__controller.a(ull_adv.c.obj)
                0x000000000001bbec                ull_adv_handle_get
 .text.ull_adv_lll_handle_get
                0x000000000001bc04       0x1c zephyr/subsys/bluetooth/controller/libsubsys__bluetooth__controller.a(ull_adv.c.obj)
                0x000000000001bc04                ull_adv_lll_handle_get
 .text.ull_adv_is_enabled
                0x000000000001bc20       0x18 zephyr/subsys/bluetooth/controller/libsubsys__bluetooth__controller.a(ull_adv.c.obj)
                0x000000000001bc20                ull_adv_is_enabled
 .text.ull_adv_data_set
                0x000000000001bc38       0xc4 zephyr/subsys/bluetooth/controller/libsubsys__bluetooth__controller.a(ull_adv.c.obj)
                0x000000000001bc38                ull_adv_data_set
 .text.ll_adv_data_set
                0x000000000001bcfc       0x10 zephyr/subsys/bluetooth/controller/libsubsys__bluetooth__controller.a(ull_adv.c.obj)
                0x000000000001bcfc                ll_adv_data_set
 .text.ull_scan_rsp_set
                0x000000000001bd0c       0xcc zephyr/subsys/bluetooth/controller/libsubsys__bluetooth__controller.a(ull_adv.c.obj)
                0x000000000001bd0c                ull_scan_rsp_set
 .text.ll_adv_scan_rsp_set
                0x000000000001bdd8       0x10 zephyr/subsys/bluetooth/controller/libsubsys__bluetooth__controller.a(ull_adv.c.obj)
                0x000000000001bdd8                ll_adv_scan_rsp_set
 .text.disabled_cb
                0x000000000001bde8       0x1c zephyr/subsys/bluetooth/controller/libsubsys__bluetooth__controller.a(ull_conn.c.obj)
 .text.conn_setup_adv_scan_disabled_cb
                0x000000000001be04       0x18 zephyr/subsys/bluetooth/controller/libsubsys__bluetooth__controller.a(ull_conn.c.obj)
 .text.tx_lll_flush
                0x000000000001be1c       0xa0 zephyr/subsys/bluetooth/controller/libsubsys__bluetooth__controller.a(ull_conn.c.obj)
 .text.ticker_start_conn_op_cb
                0x000000000001bebc       0x18 zephyr/subsys/bluetooth/controller/libsubsys__bluetooth__controller.a(ull_conn.c.obj)
 .text.ticker_stop_conn_op_cb
                0x000000000001bed4       0x18 zephyr/subsys/bluetooth/controller/libsubsys__bluetooth__controller.a(ull_conn.c.obj)
 .text.ticker_stop_op_cb
                0x000000000001beec       0x28 zephyr/subsys/bluetooth/controller/libsubsys__bluetooth__controller.a(ull_conn.c.obj)
 .text.ticker_update_conn_op_cb
                0x000000000001bf14       0x20 zephyr/subsys/bluetooth/controller/libsubsys__bluetooth__controller.a(ull_conn.c.obj)
 .text.init_reset
                0x000000000001bf34       0x70 zephyr/subsys/bluetooth/controller/libsubsys__bluetooth__controller.a(ull_conn.c.obj)
 .text.conn_disable
                0x000000000001bfa4       0x54 zephyr/subsys/bluetooth/controller/libsubsys__bluetooth__controller.a(ull_conn.c.obj)
 .text.ll_conn_acquire
                0x000000000001bff8        0xc zephyr/subsys/bluetooth/controller/libsubsys__bluetooth__controller.a(ull_conn.c.obj)
                0x000000000001bff8                ll_conn_acquire
 .text.ll_conn_release
                0x000000000001c004        0xc zephyr/subsys/bluetooth/controller/libsubsys__bluetooth__controller.a(ull_conn.c.obj)
                0x000000000001c004                ll_conn_release
 .text.ll_conn_handle_get
                0x000000000001c010       0x10 zephyr/subsys/bluetooth/controller/libsubsys__bluetooth__controller.a(ull_conn.c.obj)
                0x000000000001c010                ll_conn_handle_get
 .text.ll_conn_get
                0x000000000001c020       0x18 zephyr/subsys/bluetooth/controller/libsubsys__bluetooth__controller.a(ull_conn.c.obj)
                0x000000000001c020                ll_conn_get
 .text.ll_connected_get
                0x000000000001c038       0x24 zephyr/subsys/bluetooth/controller/libsubsys__bluetooth__controller.a(ull_conn.c.obj)
                0x000000000001c038                ll_connected_get
 .text.ll_tx_mem_acquire
                0x000000000001c05c        0xc zephyr/subsys/bluetooth/controller/libsubsys__bluetooth__controller.a(ull_conn.c.obj)
                0x000000000001c05c                ll_tx_mem_acquire
 .text.ll_tx_mem_release
                0x000000000001c068        0xc zephyr/subsys/bluetooth/controller/libsubsys__bluetooth__controller.a(ull_conn.c.obj)
                0x000000000001c068                ll_tx_mem_release
 .text.ll_tx_mem_enqueue
                0x000000000001c074       0x94 zephyr/subsys/bluetooth/controller/libsubsys__bluetooth__controller.a(ull_conn.c.obj)
                0x000000000001c074                ll_tx_mem_enqueue
 .text.ll_conn_update
                0x000000000001c108       0x88 zephyr/subsys/bluetooth/controller/libsubsys__bluetooth__controller.a(ull_conn.c.obj)
                0x000000000001c108                ll_conn_update
 .text.ll_chm_get
                0x000000000001c190       0x48 zephyr/subsys/bluetooth/controller/libsubsys__bluetooth__controller.a(ull_conn.c.obj)
                0x000000000001c190                ll_chm_get
 .text.ll_terminate_ind_send
                0x000000000001c1d8       0x70 zephyr/subsys/bluetooth/controller/libsubsys__bluetooth__controller.a(ull_conn.c.obj)
                0x000000000001c1d8                ll_terminate_ind_send
 .text.ll_feature_req_send
                0x000000000001c248       0x44 zephyr/subsys/bluetooth/controller/libsubsys__bluetooth__controller.a(ull_conn.c.obj)
                0x000000000001c248                ll_feature_req_send
 .text.ll_version_ind_send
                0x000000000001c28c       0x44 zephyr/subsys/bluetooth/controller/libsubsys__bluetooth__controller.a(ull_conn.c.obj)
                0x000000000001c28c                ll_version_ind_send
 .text.ll_phy_get
                0x000000000001c2d0       0x40 zephyr/subsys/bluetooth/controller/libsubsys__bluetooth__controller.a(ull_conn.c.obj)
                0x000000000001c2d0                ll_phy_get
 .text.ll_phy_default_set
                0x000000000001c310       0x14 zephyr/subsys/bluetooth/controller/libsubsys__bluetooth__controller.a(ull_conn.c.obj)
                0x000000000001c310                ll_phy_default_set
 .text.ll_phy_req_send
                0x000000000001c324       0x68 zephyr/subsys/bluetooth/controller/libsubsys__bluetooth__controller.a(ull_conn.c.obj)
                0x000000000001c324                ll_phy_req_send
 .text.ll_apto_get
                0x000000000001c38c       0x6c zephyr/subsys/bluetooth/controller/libsubsys__bluetooth__controller.a(ull_conn.c.obj)
                0x000000000001c38c                ll_apto_get
 .text.ll_apto_set
                0x000000000001c3f8       0x64 zephyr/subsys/bluetooth/controller/libsubsys__bluetooth__controller.a(ull_conn.c.obj)
                0x000000000001c3f8                ll_apto_set
 .text.ull_conn_init
                0x000000000001c45c        0x4 zephyr/subsys/bluetooth/controller/libsubsys__bluetooth__controller.a(ull_conn.c.obj)
                0x000000000001c45c                ull_conn_init
 .text.ull_conn_reset
                0x000000000001c460       0x88 zephyr/subsys/bluetooth/controller/libsubsys__bluetooth__controller.a(ull_conn.c.obj)
                0x000000000001c460                ull_conn_reset
 .text.ull_conn_default_phy_tx_get
                0x000000000001c4e8        0xc zephyr/subsys/bluetooth/controller/libsubsys__bluetooth__controller.a(ull_conn.c.obj)
                0x000000000001c4e8                ull_conn_default_phy_tx_get
 .text.ull_conn_default_phy_rx_get
                0x000000000001c4f4        0xc zephyr/subsys/bluetooth/controller/libsubsys__bluetooth__controller.a(ull_conn.c.obj)
                0x000000000001c4f4                ull_conn_default_phy_rx_get
 .text.ull_conn_setup
                0x000000000001c500       0x38 zephyr/subsys/bluetooth/controller/libsubsys__bluetooth__controller.a(ull_conn.c.obj)
                0x000000000001c500                ull_conn_setup
 .text.ull_conn_rx
                0x000000000001c538       0x78 zephyr/subsys/bluetooth/controller/libsubsys__bluetooth__controller.a(ull_conn.c.obj)
                0x000000000001c538                ull_conn_rx
 .text.ull_conn_llcp
                0x000000000001c5b0       0x3c zephyr/subsys/bluetooth/controller/libsubsys__bluetooth__controller.a(ull_conn.c.obj)
                0x000000000001c5b0                ull_conn_llcp
 .text.ull_conn_tx_demux
                0x000000000001c5ec       0x7c zephyr/subsys/bluetooth/controller/libsubsys__bluetooth__controller.a(ull_conn.c.obj)
                0x000000000001c5ec                ull_conn_tx_demux
 .text.conn_cleanup
                0x000000000001c668       0xdc zephyr/subsys/bluetooth/controller/libsubsys__bluetooth__controller.a(ull_conn.c.obj)
 .text.tx_demux
                0x000000000001c744       0x48 zephyr/subsys/bluetooth/controller/libsubsys__bluetooth__controller.a(ull_conn.c.obj)
 .text.ull_conn_tx_lll_enqueue
                0x000000000001c78c       0x5c zephyr/subsys/bluetooth/controller/libsubsys__bluetooth__controller.a(ull_conn.c.obj)
                0x000000000001c78c                ull_conn_tx_lll_enqueue
 .text.ull_conn_link_tx_release
                0x000000000001c7e8        0xc zephyr/subsys/bluetooth/controller/libsubsys__bluetooth__controller.a(ull_conn.c.obj)
                0x000000000001c7e8                ull_conn_link_tx_release
 .text.ull_conn_ack_last_idx_get
                0x000000000001c7f4        0xc zephyr/subsys/bluetooth/controller/libsubsys__bluetooth__controller.a(ull_conn.c.obj)
                0x000000000001c7f4                ull_conn_ack_last_idx_get
 .text.ull_conn_ack_peek
                0x000000000001c800       0x30 zephyr/subsys/bluetooth/controller/libsubsys__bluetooth__controller.a(ull_conn.c.obj)
                0x000000000001c800                ull_conn_ack_peek
 .text.ull_conn_ack_by_last_peek
                0x000000000001c830       0x24 zephyr/subsys/bluetooth/controller/libsubsys__bluetooth__controller.a(ull_conn.c.obj)
                0x000000000001c830                ull_conn_ack_by_last_peek
 .text.ull_conn_ack_dequeue
                0x000000000001c854       0x2c zephyr/subsys/bluetooth/controller/libsubsys__bluetooth__controller.a(ull_conn.c.obj)
                0x000000000001c854                ull_conn_ack_dequeue
 .text.ull_conn_lll_ack_enqueue
                0x000000000001c880       0x3c zephyr/subsys/bluetooth/controller/libsubsys__bluetooth__controller.a(ull_conn.c.obj)
                0x000000000001c880                ull_conn_lll_ack_enqueue
 .text.ull_conn_tx_ack
                0x000000000001c8bc       0xac zephyr/subsys/bluetooth/controller/libsubsys__bluetooth__controller.a(ull_conn.c.obj)
                0x000000000001c8bc                ull_conn_tx_ack
 .text.ull_conn_lll_max_tx_octets_get
                0x000000000001c968        0x4 zephyr/subsys/bluetooth/controller/libsubsys__bluetooth__controller.a(ull_conn.c.obj)
                0x000000000001c968                ull_conn_lll_max_tx_octets_get
 .text.ull_pdu_data_init
                0x000000000001c96c        0x4 zephyr/subsys/bluetooth/controller/libsubsys__bluetooth__controller.a(ull_conn.c.obj)
                0x000000000001c96c                ull_pdu_data_init
 .text.ull_conn_pause_rx_data
                0x000000000001c970       0x10 zephyr/subsys/bluetooth/controller/libsubsys__bluetooth__controller.a(ull_conn.c.obj)
                0x000000000001c970                ull_conn_pause_rx_data
 .text.ull_conn_resume_rx_data
                0x000000000001c980       0x10 zephyr/subsys/bluetooth/controller/libsubsys__bluetooth__controller.a(ull_conn.c.obj)
                0x000000000001c980                ull_conn_resume_rx_data
 .text.ull_conn_event_counter_at_prepare
                0x000000000001c990       0x10 zephyr/subsys/bluetooth/controller/libsubsys__bluetooth__controller.a(ull_conn.c.obj)
                0x000000000001c990                ull_conn_event_counter_at_prepare
 .text.ull_conn_event_counter
                0x000000000001c9a0       0x1c zephyr/subsys/bluetooth/controller/libsubsys__bluetooth__controller.a(ull_conn.c.obj)
                0x000000000001c9a0                ull_conn_event_counter
 .text.ull_conn_chan_map_set
                0x000000000001c9bc       0x24 zephyr/subsys/bluetooth/controller/libsubsys__bluetooth__controller.a(ull_conn.c.obj)
                0x000000000001c9bc                ull_conn_chan_map_set
 .text.ull_conn_lll_tx_queue_is_empty
                0x000000000001c9e0       0x14 zephyr/subsys/bluetooth/controller/libsubsys__bluetooth__controller.a(ull_conn.c.obj)
                0x000000000001c9e0                ull_conn_lll_tx_queue_is_empty
 .text.rp_enc_send_enc_rsp.part.0
                0x000000000001c9f4       0x78 zephyr/subsys/bluetooth/controller/libsubsys__bluetooth__controller.a(ull_llcp_enc.c.obj)
 .text.rp_enc_send_start_enc_req.constprop.0
                0x000000000001ca6c       0xd0 zephyr/subsys/bluetooth/controller/libsubsys__bluetooth__controller.a(ull_llcp_enc.c.obj)
 .text.rp_enc_execute_fsm
                0x000000000001cb3c      0x2b8 zephyr/subsys/bluetooth/controller/libsubsys__bluetooth__controller.a(ull_llcp_enc.c.obj)
 .text.llcp_rp_enc_rx
                0x000000000001cdf4       0x40 zephyr/subsys/bluetooth/controller/libsubsys__bluetooth__controller.a(ull_llcp_enc.c.obj)
                0x000000000001cdf4                llcp_rp_enc_rx
 .text.llcp_rp_enc_ltk_req_reply
                0x000000000001ce34       0x1c zephyr/subsys/bluetooth/controller/libsubsys__bluetooth__controller.a(ull_llcp_enc.c.obj)
                0x000000000001ce34                llcp_rp_enc_ltk_req_reply
 .text.llcp_rp_enc_ltk_req_neg_reply
                0x000000000001ce50       0x28 zephyr/subsys/bluetooth/controller/libsubsys__bluetooth__controller.a(ull_llcp_enc.c.obj)
                0x000000000001ce50                llcp_rp_enc_ltk_req_neg_reply
 .text.llcp_rp_enc_ltk_req_reply_allowed
                0x000000000001ce78       0x10 zephyr/subsys/bluetooth/controller/libsubsys__bluetooth__controller.a(ull_llcp_enc.c.obj)
                0x000000000001ce78                llcp_rp_enc_ltk_req_reply_allowed
 .text.llcp_rp_enc_run
                0x000000000001ce88        0x8 zephyr/subsys/bluetooth/controller/libsubsys__bluetooth__controller.a(ull_llcp_enc.c.obj)
                0x000000000001ce88                llcp_rp_enc_run
 .text.pu_check_update_ind
                0x000000000001ce90       0x60 zephyr/subsys/bluetooth/controller/libsubsys__bluetooth__controller.a(ull_llcp_phy.c.obj)
 .text.pu_ntf   0x000000000001cef0       0x60 zephyr/subsys/bluetooth/controller/libsubsys__bluetooth__controller.a(ull_llcp_phy.c.obj)
 .text.lp_pu_send_phy_req.constprop.0.isra.0
                0x000000000001cf50       0xc8 zephyr/subsys/bluetooth/controller/libsubsys__bluetooth__controller.a(ull_llcp_phy.c.obj)
 .text.rp_pu_send_phy_rsp.isra.0
                0x000000000001d018       0x78 zephyr/subsys/bluetooth/controller/libsubsys__bluetooth__controller.a(ull_llcp_phy.c.obj)
 .text.rp_pu_execute_fsm
                0x000000000001d090      0x200 zephyr/subsys/bluetooth/controller/libsubsys__bluetooth__controller.a(ull_llcp_phy.c.obj)
 .text.llcp_lp_pu_rx
                0x000000000001d290      0x140 zephyr/subsys/bluetooth/controller/libsubsys__bluetooth__controller.a(ull_llcp_phy.c.obj)
                0x000000000001d290                llcp_lp_pu_rx
 .text.llcp_lp_pu_run
                0x000000000001d3d0       0xd8 zephyr/subsys/bluetooth/controller/libsubsys__bluetooth__controller.a(ull_llcp_phy.c.obj)
                0x000000000001d3d0                llcp_lp_pu_run
 .text.llcp_lp_pu_tx_ack
                0x000000000001d4a8       0x6c zephyr/subsys/bluetooth/controller/libsubsys__bluetooth__controller.a(ull_llcp_phy.c.obj)
                0x000000000001d4a8                llcp_lp_pu_tx_ack
 .text.llcp_lp_pu_tx_ntf
                0x000000000001d514       0x38 zephyr/subsys/bluetooth/controller/libsubsys__bluetooth__controller.a(ull_llcp_phy.c.obj)
                0x000000000001d514                llcp_lp_pu_tx_ntf
 .text.llcp_rp_pu_rx
                0x000000000001d54c       0x3c zephyr/subsys/bluetooth/controller/libsubsys__bluetooth__controller.a(ull_llcp_phy.c.obj)
                0x000000000001d54c                llcp_rp_pu_rx
 .text.llcp_rp_pu_run
                0x000000000001d588        0x8 zephyr/subsys/bluetooth/controller/libsubsys__bluetooth__controller.a(ull_llcp_phy.c.obj)
                0x000000000001d588                llcp_rp_pu_run
 .text.llcp_rp_pu_tx_ack
                0x000000000001d590        0x8 zephyr/subsys/bluetooth/controller/libsubsys__bluetooth__controller.a(ull_llcp_phy.c.obj)
                0x000000000001d590                llcp_rp_pu_tx_ack
 .text.llcp_rp_pu_tx_ntf
                0x000000000001d598        0x8 zephyr/subsys/bluetooth/controller/libsubsys__bluetooth__controller.a(ull_llcp_phy.c.obj)
                0x000000000001d598                llcp_rp_pu_tx_ntf
 .text.ull_tx_q_init
                0x000000000001d5a0       0x10 zephyr/subsys/bluetooth/controller/libsubsys__bluetooth__controller.a(ull_tx_queue.c.obj)
                0x000000000001d5a0                ull_tx_q_init
 .text.ull_tx_q_pause_data
                0x000000000001d5b0        0x8 zephyr/subsys/bluetooth/controller/libsubsys__bluetooth__controller.a(ull_tx_queue.c.obj)
                0x000000000001d5b0                ull_tx_q_pause_data
 .text.ull_tx_q_resume_data
                0x000000000001d5b8       0x30 zephyr/subsys/bluetooth/controller/libsubsys__bluetooth__controller.a(ull_tx_queue.c.obj)
                0x000000000001d5b8                ull_tx_q_resume_data
 .text.ull_tx_q_enqueue_data
                0x000000000001d5e8       0x28 zephyr/subsys/bluetooth/controller/libsubsys__bluetooth__controller.a(ull_tx_queue.c.obj)
                0x000000000001d5e8                ull_tx_q_enqueue_data
 .text.ull_tx_q_enqueue_ctrl
                0x000000000001d610       0x14 zephyr/subsys/bluetooth/controller/libsubsys__bluetooth__controller.a(ull_tx_queue.c.obj)
                0x000000000001d610                ull_tx_q_enqueue_ctrl
 .text.ull_tx_q_peek
                0x000000000001d624        0x4 zephyr/subsys/bluetooth/controller/libsubsys__bluetooth__controller.a(ull_tx_queue.c.obj)
                0x000000000001d624                ull_tx_q_peek
 .text.ull_tx_q_dequeue
                0x000000000001d628       0x14 zephyr/subsys/bluetooth/controller/libsubsys__bluetooth__controller.a(ull_tx_queue.c.obj)
                0x000000000001d628                ull_tx_q_dequeue
 .text.pdu_validate_conn_update_ind
                0x000000000001d63c       0x10 zephyr/subsys/bluetooth/controller/libsubsys__bluetooth__controller.a(ull_llcp.c.obj)
 .text.pdu_validate_chan_map_ind
                0x000000000001d64c       0x10 zephyr/subsys/bluetooth/controller/libsubsys__bluetooth__controller.a(ull_llcp.c.obj)
 .text.pdu_validate_terminate_ind
                0x000000000001d65c       0x10 zephyr/subsys/bluetooth/controller/libsubsys__bluetooth__controller.a(ull_llcp.c.obj)
 .text.pdu_validate_enc_req
                0x000000000001d66c       0x10 zephyr/subsys/bluetooth/controller/libsubsys__bluetooth__controller.a(ull_llcp.c.obj)
 .text.pdu_validate_start_enc_rsp
                0x000000000001d67c       0x10 zephyr/subsys/bluetooth/controller/libsubsys__bluetooth__controller.a(ull_llcp.c.obj)
 .text.pdu_validate_feature_req
                0x000000000001d68c       0x10 zephyr/subsys/bluetooth/controller/libsubsys__bluetooth__controller.a(ull_llcp.c.obj)
 .text.pdu_validate_version_ind
                0x000000000001d69c       0x10 zephyr/subsys/bluetooth/controller/libsubsys__bluetooth__controller.a(ull_llcp.c.obj)
 .text.pdu_validate_conn_param_req
                0x000000000001d6ac       0x10 zephyr/subsys/bluetooth/controller/libsubsys__bluetooth__controller.a(ull_llcp.c.obj)
 .text.pdu_validate_reject_ext_ind
                0x000000000001d6bc       0x10 zephyr/subsys/bluetooth/controller/libsubsys__bluetooth__controller.a(ull_llcp.c.obj)
 .text.pdu_validate_phy_upd_ind
                0x000000000001d6cc       0x10 zephyr/subsys/bluetooth/controller/libsubsys__bluetooth__controller.a(ull_llcp.c.obj)
 .text.create_procedure
                0x000000000001d6dc       0x38 zephyr/subsys/bluetooth/controller/libsubsys__bluetooth__controller.a(ull_llcp.c.obj)
 .text.pdu_validate_clock_accuracy_rsp
                0x000000000001d714       0x10 zephyr/subsys/bluetooth/controller/libsubsys__bluetooth__controller.a(ull_llcp.c.obj)
 .text.pdu_validate_unknown_rsp
                0x000000000001d724       0x10 zephyr/subsys/bluetooth/controller/libsubsys__bluetooth__controller.a(ull_llcp.c.obj)
 .text.pdu_validate_pause_enc_req
                0x000000000001d734       0x10 zephyr/subsys/bluetooth/controller/libsubsys__bluetooth__controller.a(ull_llcp.c.obj)
 .text.pdu_validate_reject_ind
                0x000000000001d744       0x10 zephyr/subsys/bluetooth/controller/libsubsys__bluetooth__controller.a(ull_llcp.c.obj)
 .text.pdu_validate_conn_param_rsp
                0x000000000001d754       0x10 zephyr/subsys/bluetooth/controller/libsubsys__bluetooth__controller.a(ull_llcp.c.obj)
 .text.pdu_validate_ping_req
                0x000000000001d764       0x10 zephyr/subsys/bluetooth/controller/libsubsys__bluetooth__controller.a(ull_llcp.c.obj)
 .text.pdu_validate_ping_rsp
                0x000000000001d774       0x10 zephyr/subsys/bluetooth/controller/libsubsys__bluetooth__controller.a(ull_llcp.c.obj)
 .text.pdu_validate_length_rsp
                0x000000000001d784       0x10 zephyr/subsys/bluetooth/controller/libsubsys__bluetooth__controller.a(ull_llcp.c.obj)
 .text.pdu_validate_phy_req
                0x000000000001d794       0x10 zephyr/subsys/bluetooth/controller/libsubsys__bluetooth__controller.a(ull_llcp.c.obj)
 .text.pdu_validate_phy_rsp
                0x000000000001d7a4       0x10 zephyr/subsys/bluetooth/controller/libsubsys__bluetooth__controller.a(ull_llcp.c.obj)
 .text.llcp_proc_ctx_release
                0x000000000001d7b4       0x10 zephyr/subsys/bluetooth/controller/libsubsys__bluetooth__controller.a(ull_llcp.c.obj)
                0x000000000001d7b4                llcp_proc_ctx_release
 .text.llcp_tx_alloc_peek
                0x000000000001d7c4       0x10 zephyr/subsys/bluetooth/controller/libsubsys__bluetooth__controller.a(ull_llcp.c.obj)
                0x000000000001d7c4                llcp_tx_alloc_peek
 .text.llcp_tx_alloc
                0x000000000001d7d4       0x18 zephyr/subsys/bluetooth/controller/libsubsys__bluetooth__controller.a(ull_llcp.c.obj)
                0x000000000001d7d4                llcp_tx_alloc
 .text.llcp_ntf_alloc_is_available
                0x000000000001d7ec       0x10 zephyr/subsys/bluetooth/controller/libsubsys__bluetooth__controller.a(ull_llcp.c.obj)
                0x000000000001d7ec                llcp_ntf_alloc_is_available
 .text.llcp_ntf_alloc
                0x000000000001d7fc        0x4 zephyr/subsys/bluetooth/controller/libsubsys__bluetooth__controller.a(ull_llcp.c.obj)
                0x000000000001d7fc                llcp_ntf_alloc
 .text.llcp_tx_enqueue
                0x000000000001d800        0x8 zephyr/subsys/bluetooth/controller/libsubsys__bluetooth__controller.a(ull_llcp.c.obj)
                0x000000000001d800                llcp_tx_enqueue
 .text.llcp_tx_pause_data
                0x000000000001d808       0x28 zephyr/subsys/bluetooth/controller/libsubsys__bluetooth__controller.a(ull_llcp.c.obj)
                0x000000000001d808                llcp_tx_pause_data
 .text.llcp_tx_resume_data
                0x000000000001d830       0x18 zephyr/subsys/bluetooth/controller/libsubsys__bluetooth__controller.a(ull_llcp.c.obj)
                0x000000000001d830                llcp_tx_resume_data
 .text.llcp_rx_node_retain
                0x000000000001d848       0x1c zephyr/subsys/bluetooth/controller/libsubsys__bluetooth__controller.a(ull_llcp.c.obj)
                0x000000000001d848                llcp_rx_node_retain
 .text.llcp_rx_node_release